Component: ARM Compiler 5.06 update 1 (build 61) Tool: armlink [4d35a8]

==============================================================================

Section Cross References

    stm32l0xx_hal.o(i.HAL_DeInit) refers to stm32l0xx_hal.o(i.HAL_MspDeInit) for HAL_MspDeInit
    stm32l0xx_hal.o(i.HAL_Delay) refers to stm32l0xx_hal.o(i.HAL_GetTick) for HAL_GetTick
    stm32l0xx_hal.o(i.HAL_GetTick) refers to stm32l0xx_hal.o(.data) for .data
    stm32l0xx_hal.o(i.HAL_IncTick) refers to stm32l0xx_hal.o(.data) for .data
    stm32l0xx_hal.o(i.HAL_Init) refers to stm32l0xx_hal.o(i.HAL_InitTick) for HAL_InitTick
    stm32l0xx_hal.o(i.HAL_Init) refers to stm32l0xx_hal_msp.o(i.HAL_MspInit) for HAL_MspInit
    stm32l0xx_hal.o(i.HAL_InitTick) refers to uidiv.o(.text) for __aeabi_uidivmod
    stm32l0xx_hal.o(i.HAL_InitTick) refers to stm32l0xx_hal_cortex.o(i.HAL_SYSTICK_Config) for HAL_SYSTICK_Config
    stm32l0xx_hal.o(i.HAL_InitTick) refers to stm32l0xx_hal_cortex.o(i.HAL_NVIC_SetPriority) for HAL_NVIC_SetPriority
    stm32l0xx_hal.o(i.HAL_InitTick) refers to system_stm32l0xx.o(.data) for SystemCoreClock
    stm32l0xx_hal_i2c.o(i.HAL_I2C_DeInit) refers to stm32l0xx_hal_msp.o(i.HAL_I2C_MspDeInit) for HAL_I2C_MspDeInit
    stm32l0xx_hal_i2c.o(i.HAL_I2C_ER_IRQHandler) refers to stm32l0xx_hal_i2c.o(i.HAL_I2C_ErrorCallback) for HAL_I2C_ErrorCallback
    stm32l0xx_hal_i2c.o(i.HAL_I2C_EV_IRQHandler) refers to stm32l0xx_hal_i2c.o(i.I2C_SlaveTransmit_ISR) for I2C_SlaveTransmit_ISR
    stm32l0xx_hal_i2c.o(i.HAL_I2C_EV_IRQHandler) refers to stm32l0xx_hal_i2c.o(i.I2C_MasterTransmit_ISR) for I2C_MasterTransmit_ISR
    stm32l0xx_hal_i2c.o(i.HAL_I2C_EV_IRQHandler) refers to stm32l0xx_hal_i2c.o(i.I2C_SlaveReceive_ISR) for I2C_SlaveReceive_ISR
    stm32l0xx_hal_i2c.o(i.HAL_I2C_EV_IRQHandler) refers to stm32l0xx_hal_i2c.o(i.I2C_MasterReceive_ISR) for I2C_MasterReceive_ISR
    stm32l0xx_hal_i2c.o(i.HAL_I2C_Init) refers to stm32l0xx_hal_msp.o(i.HAL_I2C_MspInit) for HAL_I2C_MspInit
    stm32l0xx_hal_i2c.o(i.HAL_I2C_IsDeviceReady) refers to stm32l0xx_hal.o(i.HAL_GetTick) for HAL_GetTick
    stm32l0xx_hal_i2c.o(i.HAL_I2C_IsDeviceReady) refers to stm32l0xx_hal_i2c.o(i.I2C_WaitOnFlagUntilTimeout) for I2C_WaitOnFlagUntilTimeout
    stm32l0xx_hal_i2c.o(i.HAL_I2C_Master_Receive) refers to stm32l0xx_hal_i2c.o(i.I2C_TransferConfig) for I2C_TransferConfig
    stm32l0xx_hal_i2c.o(i.HAL_I2C_Master_Receive) refers to stm32l0xx_hal_i2c.o(i.I2C_WaitOnRXNEFlagUntilTimeout) for I2C_WaitOnRXNEFlagUntilTimeout
    stm32l0xx_hal_i2c.o(i.HAL_I2C_Master_Receive) refers to stm32l0xx_hal_i2c.o(i.I2C_WaitOnFlagUntilTimeout) for I2C_WaitOnFlagUntilTimeout
    stm32l0xx_hal_i2c.o(i.HAL_I2C_Master_Receive) refers to stm32l0xx_hal_i2c.o(i.I2C_WaitOnSTOPFlagUntilTimeout) for I2C_WaitOnSTOPFlagUntilTimeout
    stm32l0xx_hal_i2c.o(i.HAL_I2C_Master_Receive_DMA) refers to stm32l0xx_hal_dma.o(i.HAL_DMA_Start_IT) for HAL_DMA_Start_IT
    stm32l0xx_hal_i2c.o(i.HAL_I2C_Master_Receive_DMA) refers to stm32l0xx_hal_i2c.o(i.I2C_TransferConfig) for I2C_TransferConfig
    stm32l0xx_hal_i2c.o(i.HAL_I2C_Master_Receive_DMA) refers to stm32l0xx_hal_i2c.o(i.I2C_WaitOnRXNEFlagUntilTimeout) for I2C_WaitOnRXNEFlagUntilTimeout
    stm32l0xx_hal_i2c.o(i.HAL_I2C_Master_Receive_DMA) refers to stm32l0xx_hal_dma.o(i.HAL_DMA_Abort) for HAL_DMA_Abort
    stm32l0xx_hal_i2c.o(i.HAL_I2C_Master_Receive_DMA) refers to stm32l0xx_hal_i2c.o(i.I2C_DMAMasterReceiveCplt) for I2C_DMAMasterReceiveCplt
    stm32l0xx_hal_i2c.o(i.HAL_I2C_Master_Receive_DMA) refers to stm32l0xx_hal_i2c.o(i.I2C_DMAError) for I2C_DMAError
    stm32l0xx_hal_i2c.o(i.HAL_I2C_Master_Receive_IT) refers to stm32l0xx_hal_i2c.o(i.I2C_TransferConfig) for I2C_TransferConfig
    stm32l0xx_hal_i2c.o(i.HAL_I2C_Master_Transmit) refers to stm32l0xx_hal_i2c.o(i.I2C_TransferConfig) for I2C_TransferConfig
    stm32l0xx_hal_i2c.o(i.HAL_I2C_Master_Transmit) refers to stm32l0xx_hal_i2c.o(i.I2C_WaitOnTXISFlagUntilTimeout) for I2C_WaitOnTXISFlagUntilTimeout
    stm32l0xx_hal_i2c.o(i.HAL_I2C_Master_Transmit) refers to stm32l0xx_hal_i2c.o(i.I2C_WaitOnFlagUntilTimeout) for I2C_WaitOnFlagUntilTimeout
    stm32l0xx_hal_i2c.o(i.HAL_I2C_Master_Transmit) refers to stm32l0xx_hal_i2c.o(i.I2C_WaitOnSTOPFlagUntilTimeout) for I2C_WaitOnSTOPFlagUntilTimeout
    stm32l0xx_hal_i2c.o(i.HAL_I2C_Master_Transmit_DMA) refers to stm32l0xx_hal_dma.o(i.HAL_DMA_Start_IT) for HAL_DMA_Start_IT
    stm32l0xx_hal_i2c.o(i.HAL_I2C_Master_Transmit_DMA) refers to stm32l0xx_hal_i2c.o(i.I2C_TransferConfig) for I2C_TransferConfig
    stm32l0xx_hal_i2c.o(i.HAL_I2C_Master_Transmit_DMA) refers to stm32l0xx_hal_i2c.o(i.I2C_WaitOnTXISFlagUntilTimeout) for I2C_WaitOnTXISFlagUntilTimeout
    stm32l0xx_hal_i2c.o(i.HAL_I2C_Master_Transmit_DMA) refers to stm32l0xx_hal_dma.o(i.HAL_DMA_Abort) for HAL_DMA_Abort
    stm32l0xx_hal_i2c.o(i.HAL_I2C_Master_Transmit_DMA) refers to stm32l0xx_hal_i2c.o(i.I2C_DMAMasterTransmitCplt) for I2C_DMAMasterTransmitCplt
[...]
    Removing stm32l0xx_hal_rcc_ex.o(.rev16_text), (4 bytes).
    Removing stm32l0xx_hal_rcc_ex.o(.revsh_text), (4 bytes).
    Removing stm32l0xx_hal_rcc_ex.o(i.HAL_RCCEx_CRSConfig), (124 bytes).
    Removing stm32l0xx_hal_rcc_ex.o(i.HAL_RCCEx_CRSGetSynchronizationInfo), (40 bytes).
    Removing stm32l0xx_hal_rcc_ex.o(i.HAL_RCCEx_CRSSoftwareSynchronizationGenerate), (16 bytes).
    Removing stm32l0xx_hal_rcc_ex.o(i.HAL_RCCEx_CRSWaitSynchronization), (136 bytes).
    Removing stm32l0xx_hal_rcc_ex.o(i.HAL_RCCEx_DisableHSI48_VREFINT), (16 bytes).
    Removing stm32l0xx_hal_rcc_ex.o(i.HAL_RCCEx_DisableLSECSS), (32 bytes).
    Removing stm32l0xx_hal_rcc_ex.o(i.HAL_RCCEx_EnableHSI48_VREFINT), (16 bytes).
    Removing stm32l0xx_hal_rcc_ex.o(i.HAL_RCCEx_EnableLSECSS), (20 bytes).
    Removing stm32l0xx_hal_rcc_ex.o(i.HAL_RCCEx_EnableLSECSS_IT), (52 bytes).
    Removing stm32l0xx_hal_rcc_ex.o(i.HAL_RCCEx_GetPeriphCLKConfig), (84 bytes).
    Removing stm32l0xx_hal_rcc_ex.o(i.HAL_RCCEx_GetPeriphCLKFreq), (676 bytes).
    Removing stm32l0xx_hal_rcc_ex.o(i.HAL_RCCEx_LSECSS_Callback), (2 bytes).
    Removing stm32l0xx_hal_rcc_ex.o(i.HAL_RCCEx_LSECSS_IRQHandler), (24 bytes).
    Removing system_stm32l0xx.o(.rev16_text), (4 bytes).
    Removing system_stm32l0xx.o(.revsh_text), (4 bytes).
    Removing system_stm32l0xx.o(i.SystemCoreClockUpdate), (172 bytes).
    Removing startup_stm32l073xx.o(HEAP), (512 bytes).
    Removing main.o(.rev16_text), (4 bytes).
    Removing main.o(.revsh_text), (4 bytes).
    Removing main.o(.bss), (96 bytes).
    Removing main.o(.bss), (20 bytes).
    Removing stm32l0xx_it.o(.rev16_text), (4 bytes).
    Removing stm32l0xx_it.o(.revsh_text), (4 bytes).
    Removing stm32l0xx_hal_msp.o(.rev16_text), (4 bytes).
    Removing stm32l0xx_hal_msp.o(.revsh_text), (4 bytes).
    Removing stm32l0xx_hal_msp.o(i.HAL_ADC_MspDeInit), (44 bytes).
    Removing stm32l0xx_hal_msp.o(i.HAL_ADC_MspInit), (56 bytes).
    Removing stm32l0xx_hal_msp.o(i.HAL_I2C_MspDeInit), (52 bytes).
    Removing stm32l0xx_hal_msp.o(i.HAL_I2C_MspInit), (104 bytes).
    Removing stm32l0xx_hal_msp.o(i.HAL_LPTIM_MspDeInit), (36 bytes).
    Removing stm32l0xx_hal_msp.o(i.HAL_LPTIM_MspInit), (48 bytes).
    Removing stm32l0xx_hal_msp.o(i.HAL_SPI_MspDeInit), (60 bytes).
    Removing stm32l0xx_hal_msp.o(i.HAL_SPI_MspInit), (104 bytes).
    Removing stm32l0xx_hal_msp.o(i.HAL_TIM_Base_MspDeInit), (36 bytes).
    Removing stm32l0xx_hal_msp.o(i.HAL_UART_MspDeInit), (52 bytes).
    Removing adc_service.o(.rev16_text), (4 bytes).
    Removing adc_service.o(.revsh_text), (4 bytes).
    Removing gps.o(.rev16_text), (4 bytes).
    Removing gps.o(.revsh_text), (4 bytes).
    Removing gps.o(i.GPS_Service_DeInit), (48 bytes).
    Removing gps.o(i.GPS_Service_DisableContinousGPSData), (48 bytes).
    Removing gps.o(i.GPS_Service_EnableContinousGPSData), (48 bytes).
    Removing gsm.o(.rev16_text), (4 bytes).
    Removing gsm.o(.revsh_text), (4 bytes).
    Removing gsm.o(i.GSM_Service_Find_New_Line_Characters), (28 bytes).
    Removing gsm.o(i.GSM_Service_Get_OK_Status_Flag), (12 bytes).
    Removing gsm.o(i.GSM_Service_ReadReceivedSMS), (2 bytes).
    Removing gsm.o(i.GSM_Service_ResetToDefault), (40 bytes).
    Removing power_down.o(.rev16_text), (4 bytes).
    Removing power_down.o(.revsh_text), (4 bytes).
    Removing timerservice.o(.rev16_text), (4 bytes).
    Removing timerservice.o(.revsh_text), (4 bytes).
    Removing timerservice.o(i.Timer_Service_GetTimeoutState), (12 bytes).
    Removing timerservice.o(i.Timer_Service_StartTimer), (16 bytes).
    Removing timerservice.o(i.Timer_Service_StopTimer), (16 bytes).
    Removing watchdog_service.o(.rev16_text), (4 bytes).
    Removing watchdog_service.o(.revsh_text), (4 bytes).
    Removing uart_service.o(.rev16_text), (4 bytes).
    Removing uart_service.o(.revsh_text), (4 bytes).
    Removing diskio.o(.rev16_text), (4 bytes).
    Removing diskio.o(.revsh_text), (4 bytes).
    Removing diskio.o(i.disk_initialize), (42 bytes).
    Removing diskio.o(i.disk_ioctl), (68 bytes).
    Removing diskio.o(i.disk_read), (52 bytes).
    Removing diskio.o(i.disk_status), (28 bytes).
    Removing diskio.o(i.disk_write), (52 bytes).
    Removing diskio.o(i.get_fattime), (4 bytes).
    Removing ff.o(i.check_fs), (124 bytes).
    Removing ff.o(i.chk_chr), (18 bytes).
    Removing ff.o(i.clust2sect), (24 bytes).
    Removing ff.o(i.create_chain), (182 bytes).
    Removing ff.o(i.create_name), (256 bytes).
    Removing ff.o(i.dir_alloc), (76 bytes).
    Removing ff.o(i.dir_find), (90 bytes).
    Removing ff.o(i.dir_next), (268 bytes).
    Removing ff.o(i.dir_read), (102 bytes).
    Removing ff.o(i.dir_register), (64 bytes).
    Removing ff.o(i.dir_remove), (30 bytes).
    Removing ff.o(i.dir_sdi), (154 bytes).
    Removing ff.o(i.f_close), (32 bytes).
    Removing ff.o(i.f_closedir), (22 bytes).
    Removing ff.o(i.f_getfree), (218 bytes).
    Removing ff.o(i.f_lseek), (372 bytes).
    Removing ff.o(i.f_mkdir), (336 bytes).
    Removing ff.o(i.f_mount), (80 bytes).
    Removing ff.o(i.f_open), (450 bytes).
    Removing ff.o(i.f_opendir), (116 bytes).
    Removing ff.o(i.f_read), (358 bytes).
    Removing ff.o(i.f_readdir), (76 bytes).
    Removing ff.o(i.f_rename), (250 bytes).
    Removing ff.o(i.f_stat), (66 bytes).
    Removing ff.o(i.f_sync), (146 bytes).
    Removing ff.o(i.f_truncate), (180 bytes).
    Removing ff.o(i.f_unlink), (176 bytes).
    Removing ff.o(i.f_write), (428 bytes).
    Removing ff.o(i.find_volume), (688 bytes).
    Removing ff.o(i.follow_path), (122 bytes).
    Removing ff.o(i.get_fat), (192 bytes).
    Removing ff.o(i.get_fileinfo), (102 bytes).
    Removing ff.o(i.get_ldnumber), (66 bytes).
    Removing ff.o(i.ld_clust), (38 bytes).
    Removing ff.o(i.ld_dword), (24 bytes).
    Removing ff.o(i.ld_word), (12 bytes).
    Removing ff.o(i.mem_cmp), (24 bytes).
    Removing ff.o(i.mem_cpy), (18 bytes).
    Removing ff.o(i.mem_set), (12 bytes).
    Removing ff.o(i.move_window), (54 bytes).
    Removing ff.o(i.put_fat), (254 bytes).
    Removing ff.o(i.remove_chain), (116 bytes).
    Removing ff.o(i.st_clust), (36 bytes).
    Removing ff.o(i.st_dword), (16 bytes).
    Removing ff.o(i.st_word), (8 bytes).
    Removing ff.o(i.sync_fs), (152 bytes).
    Removing ff.o(i.sync_window), (82 bytes).
    Removing ff.o(i.validate), (56 bytes).
    Removing ff.o(.data), (8 bytes).
    Removing ff_2_spi_link.o(.rev16_text), (4 bytes).
    Removing ff_2_spi_link.o(.revsh_text), (4 bytes).
    Removing ff_2_spi_link.o(i.MSD_GetCardInfo), (600 bytes).
    Removing ff_2_spi_link.o(i.MSD_Init), (552 bytes).
    Removing ff_2_spi_link.o(i.MSD_ReadMultiBlock), (128 bytes).
    Removing ff_2_spi_link.o(i.MSD_ReadSingleBlock), (64 bytes).
    Removing ff_2_spi_link.o(i.MSD_SPIHighSpeed), (2 bytes).
    Removing ff_2_spi_link.o(i.MSD_SPI_Configuration), (16 bytes).
    Removing ff_2_spi_link.o(i.MSD_WriteMultiBlock), (284 bytes).
    Removing ff_2_spi_link.o(i.MSD_WriteSingleBlock), (200 bytes).
    Removing ff_2_spi_link.o(i._read_buffer), (128 bytes).
    Removing ff_2_spi_link.o(i._send_command), (112 bytes).
    Removing ff_2_spi_link.o(i._send_command_hold), (92 bytes).
    Removing ff_2_spi_link.o(.bss), (88 bytes).
    Removing dmul.o(.text), (208 bytes).
    Removing dfixul.o(.text), (64 bytes).
    Removing cdrcmple.o(.text), (40 bytes).
    Removing ff_2_spi_link.o(i._spi_read_write), (52 bytes).

581 unused section(s) (total 45954 bytes) removed from the image.

==============================================================================

Image Symbol Table

    Local Symbols

    Symbol Name                              Value     Ov Type        Size  Object(Section)

    ../Drivers/CMSIS//Device/ST/STM32L0xx/Source/Templates/system_stm32l0xx.c 0x00000000   Number         0  system_stm32l0xx.o ABSOLUTE
    ../Drivers/STM32L0xx_HAL_Driver/Src/stm32l0xx_hal.c 0x00000000   Number         0  stm32l0xx_hal.o ABSOLUTE
    ../Drivers/STM32L0xx_HAL_Driver/Src/stm32l0xx_hal_adc.c 0x00000000   Number         0  stm32l0xx_hal_adc.o ABSOLUTE
    ../Drivers/STM32L0xx_HAL_Driver/Src/stm32l0xx_hal_adc_ex.c 0x00000000   Number         0  stm32l0xx_hal_adc_ex.o ABSOLUTE
    ../Drivers/STM32L0xx_HAL_Driver/Src/stm32l0xx_hal_cortex.c 0x00000000   Number         0  stm32l0xx_hal_cortex.o ABSOLUTE
    ../Drivers/STM32L0xx_HAL_Driver/Src/stm32l0xx_hal_dma.c 0x00000000   Number         0  stm32l0xx_hal_dma.o ABSOLUTE
    ../Drivers/STM32L0xx_HAL_Driver/Src/stm32l0xx_hal_flash.c 0x00000000   Number         0  stm32l0xx_hal_flash.o ABSOLUTE
    ../Drivers/STM32L0xx_HAL_Driver/Src/stm32l0xx_hal_flash_ex.c 0x00000000   Number         0  stm32l0xx_hal_flash_ex.o ABSOLUTE
    ../Drivers/STM32L0xx_HAL_Driver/Src/stm32l0xx_hal_flash_ramfunc.c 0x00000000   Number         0  stm32l0xx_hal_flash_ramfunc.o ABSOLUTE
    ../Drivers/STM32L0xx_HAL_Driver/Src/stm32l0xx_hal_gpio.c 0x00000000   Number         0  stm32l0xx_hal_gpio.o ABSOLUTE
    ../Drivers/STM32L0xx_HAL_Driver/Src/stm32l0xx_hal_i2c.c 0x00000000   Number         0  stm32l0xx_hal_i2c.o ABSOLUTE
    ../Drivers/STM32L0xx_HAL_Driver/Src/stm32l0xx_hal_i2c_ex.c 0x00000000   Number         0  stm32l0xx_hal_i2c_ex.o ABSOLUTE
    ../Drivers/STM32L0xx_HAL_Driver/Src/stm32l0xx_hal_iwdg.c 0x00000000   Number         0  stm32l0xx_hal_iwdg.o ABSOLUTE
    ../Drivers/STM32L0xx_HAL_Driver/Src/stm32l0xx_hal_lptim.c 0x00000000   Number         0  stm32l0xx_hal_lptim.o ABSOLUTE
    ../Drivers/STM32L0xx_HAL_Driver/Src/stm32l0xx_hal_pwr.c 0x00000000   Number         0  stm32l0xx_hal_pwr.o ABSOLUTE
    ../Drivers/STM32L0xx_HAL_Driver/Src/stm32l0xx_hal_pwr_ex.c 0x00000000   Number         0  stm32l0xx_hal_pwr_ex.o ABSOLUTE
    ../Drivers/STM32L0xx_HAL_Driver/Src/stm32l0xx_hal_rcc.c 0x00000000   Number         0  stm32l0xx_hal_rcc.o ABSOLUTE
    ../Drivers/STM32L0xx_HAL_Driver/Src/stm32l0xx_hal_rcc_ex.c 0x00000000   Number         0  stm32l0xx_hal_rcc_ex.o ABSOLUTE
    ../Drivers/STM32L0xx_HAL_Driver/Src/stm32l0xx_hal_spi.c 0x00000000   Number         0  stm32l0xx_hal_spi.o ABSOLUTE
    ../Drivers/STM32L0xx_HAL_Driver/Src/stm32l0xx_hal_tim.c 0x00000000   Number         0  stm32l0xx_hal_tim.o ABSOLUTE
    ../Drivers/STM32L0xx_HAL_Driver/Src/stm32l0xx_hal_tim_ex.c 0x00000000   Number         0  stm32l0xx_hal_tim_ex.o ABSOLUTE
    ../Drivers/STM32L0xx_HAL_Driver/Src/stm32l0xx_hal_uart.c 0x00000000   Number         0  stm32l0xx_hal_uart.o ABSOLUTE
    ../Drivers/STM32L0xx_HAL_Driver/Src/stm32l0xx_hal_uart_ex.c 0x00000000   Number         0  stm32l0xx_hal_uart_ex.o ABSOLUTE
    ../Src/main.c                            0x00000000   Number         0  main.o ABSOLUTE
    ../Src/stm32l0xx_hal_msp.c               0x00000000   Number         0  stm32l0xx_hal_msp.o ABSOLUTE
    ../Src/stm32l0xx_it.c                    0x00000000   Number         0  stm32l0xx_it.o ABSOLUTE
    ../clib/microlib/division.c              0x00000000   Number         0  uldiv.o ABSOLUTE
    ../clib/microlib/division.c              0x00000000   Number         0  uidiv.o ABSOLUTE
    ../clib/microlib/init/entry.s            0x00000000   Number         0  entry11a.o ABSOLUTE
    ../clib/microlib/init/entry.s            0x00000000   Number         0  entry10b.o ABSOLUTE
    ../clib/microlib/init/entry.s            0x00000000   Number         0  entry10a.o ABSOLUTE
    ../clib/microlib/init/entry.s            0x00000000   Number         0  entry2.o ABSOLUTE
    ../clib/microlib/init/entry.s            0x00000000   Number         0  entry5.o ABSOLUTE
    ../clib/microlib/init/entry.s            0x00000000   Number         0  entry8a.o ABSOLUTE
    ../clib/microlib/init/entry.s            0x00000000   Number         0  entry8b.o ABSOLUTE
    ../clib/microlib/init/entry.s            0x00000000   Number         0  entry.o ABSOLUTE
    ../clib/microlib/init/entry.s            0x00000000   Number         0  entry9a.o ABSOLUTE
    ../clib/microlib/init/entry.s            0x00000000   Number         0  entry9b.o ABSOLUTE
    ../clib/microlib/init/entry.s            0x00000000   Number         0  entry11b.o ABSOLUTE
    ../clib/microlib/init/entry.s            0x00000000   Number         0  entry7b.o ABSOLUTE
    ../clib/microlib/init/entry.s            0x00000000   Number         0  entry7a.o ABSOLUTE
    ../clib/microlib/longlong.c              0x00000000   Number         0  llsshr.o ABSOLUTE
    ../clib/microlib/longlong.c              0x00000000   Number         0  llushr.o ABSOLUTE
    ../clib/microlib/longlong.c              0x00000000   Number         0  llshl.o ABSOLUTE
    ../clib/microlib/printf/printf.c         0x00000000   Number         0  printf6.o ABSOLUTE
    ../clib/microlib/printf/printf.c         0x00000000   Number         0  printf7.o ABSOLUTE
    ../clib/microlib/printf/printf.c         0x00000000   Number         0  printf8.o ABSOLUTE
    ../clib/microlib/printf/printf.c         0x00000000   Number         0  printf3.o ABSOLUTE
    ../clib/microlib/printf/printf.c         0x00000000   Number         0  printf2.o ABSOLUTE
    ../clib/microlib/printf/printf.c         0x00000000   Number         0  printfa.o ABSOLUTE
    ../clib/microlib/printf/printf.c         0x00000000   Number         0  printf1.o ABSOLUTE
    ../clib/microlib/printf/printf.c         0x00000000   Number         0  printf0.o ABSOLUTE
    ../clib/microlib/printf/printf.c         0x00000000   Number         0  printfb.o ABSOLUTE
    ../clib/microlib/printf/printf.c         0x00000000   Number         0  printf5.o ABSOLUTE
    ../clib/microlib/printf/printf.c         0x00000000   Number         0  printf4.o ABSOLUTE
    ../clib/microlib/printf/stubs.s          0x00000000   Number         0  stubs.o ABSOLUTE
    ../clib/microlib/stdio/fputc.c           0x00000000   Number         0  fputc.o ABSOLUTE
    ../clib/microlib/stdio/semi.s            0x00000000   Number         0  semi.o ABSOLUTE
    ../clib/microlib/stdio/streams.c         0x00000000   Number         0  stdout.o ABSOLUTE
    ../clib/microlib/string/memcpy.c         0x00000000   Number         0  memcpya.o ABSOLUTE
    ../clib/microlib/string/memcpy.c         0x00000000   Number         0  memcpyb.o ABSOLUTE
    ../clib/microlib/string/memset.c         0x00000000   Number         0  memseta.o ABSOLUTE
    ../clib/microlib/stubs.s                 0x00000000   Number         0  iusesemip.o ABSOLUTE
    ../clib/microlib/stubs.s                 0x00000000   Number         0  iusefp.o ABSOLUTE
    ../fplib/microlib/fpadd.c                0x00000000   Number         0  dadd.o ABSOLUTE
    ../fplib/microlib/fpdiv.c                0x00000000   Number         0  ddiv.o ABSOLUTE
    ../fplib/microlib/fpepilogue.c           0x00000000   Number         0  depilogue.o ABSOLUTE
    ../fplib/microlib/fpfix.c                0x00000000   Number         0  dfixul.o ABSOLUTE
    ../fplib/microlib/fpfix.c                0x00000000   Number         0  dfixui.o ABSOLUTE
    ../fplib/microlib/fpflt.c                0x00000000   Number         0  dfltul.o ABSOLUTE
    ../fplib/microlib/fpflt.c                0x00000000   Number         0  dfltui.o ABSOLUTE
    ../fplib/microlib/fpmul.c                0x00000000   Number         0  dmul.o ABSOLUTE
    ../fplib/microlib/fpscalb.c              0x00000000   Number         0  dscalb.o ABSOLUTE
    ..\Drivers\CMSIS\\Device\ST\STM32L0xx\Source\Templates\system_stm32l0xx.c 0x00000000   Number         0  system_stm32l0xx.o ABSOLUTE
    ..\Drivers\STM32L0xx_HAL_Driver\Src\stm32l0xx_hal.c 0x00000000   Number         0  stm32l0xx_hal.o ABSOLUTE
    ..\Drivers\STM32L0xx_HAL_Driver\Src\stm32l0xx_hal_adc.c 0x00000000   Number         0  stm32l0xx_hal_adc.o ABSOLUTE
    ..\Drivers\STM32L0xx_HAL_Driver\Src\stm32l0xx_hal_adc_ex.c 0x00000000   Number         0  stm32l0xx_hal_adc_ex.o ABSOLUTE
    ..\Drivers\STM32L0xx_HAL_Driver\Src\stm32l0xx_hal_cortex.c 0x00000000   Number         0  stm32l0xx_hal_cortex.o ABSOLUTE
    ..\Drivers\STM32L0xx_HAL_Driver\Src\stm32l0xx_hal_dma.c 0x00000000   Number         0  stm32l0xx_hal_dma.o ABSOLUTE
    ..\Drivers\STM32L0xx_HAL_Driver\Src\stm32l0xx_hal_flash.c 0x00000000   Number         0  stm32l0xx_hal_flash.o ABSOLUTE
    ..\Drivers\STM32L0xx_HAL_Driver\Src\stm32l0xx_hal_flash_ex.c 0x00000000   Number         0  stm32l0xx_hal_flash_ex.o ABSOLUTE
    ..\Drivers\STM32L0xx_HAL_Driver\Src\stm32l0xx_hal_flash_ramfunc.c 0x00000000   Number         0  stm32l0xx_hal_flash_ramfunc.o ABSOLUTE
    ..\Drivers\STM32L0xx_HAL_Driver\Src\stm32l0xx_hal_gpio.c 0x00000000   Number         0  stm32l0xx_hal_gpio.o ABSOLUTE
    ..\Drivers\STM32L0xx_HAL_Driver\Src\stm32l0xx_hal_i2c.c 0x00000000   Number         0  stm32l0xx_hal_i2c.o ABSOLUTE
    ..\Drivers\STM32L0xx_HAL_Driver\Src\stm32l0xx_hal_i2c_ex.c 0x00000000   Number         0  stm32l0xx_hal_i2c_ex.o ABSOLUTE
    ..\Drivers\STM32L0xx_HAL_Driver\Src\stm32l0xx_hal_iwdg.c 0x00000000   Number         0  stm32l0xx_hal_iwdg.o ABSOLUTE
    ..\Drivers\STM32L0xx_HAL_Driver\Src\stm32l0xx_hal_lptim.c 0x00000000   Number         0  stm32l0xx_hal_lptim.o ABSOLUTE
    ..\Drivers\STM32L0xx_HAL_Driver\Src\stm32l0xx_hal_pwr.c 0x00000000   Number         0  stm32l0xx_hal_pwr.o ABSOLUTE
    ..\Drivers\STM32L0xx_HAL_Driver\Src\stm32l0xx_hal_pwr_ex.c 0x00000000   Number         0  stm32l0xx_hal_pwr_ex.o ABSOLUTE
    ..\Drivers\STM32L0xx_HAL_Driver\Src\stm32l0xx_hal_rcc.c 0x00000000   Number         0  stm32l0xx_hal_rcc.o ABSOLUTE
    ..\Drivers\STM32L0xx_HAL_Driver\Src\stm32l0xx_hal_rcc_ex.c 0x00000000   Number         0  stm32l0xx_hal_rcc_ex.o ABSOLUTE
    ..\Drivers\STM32L0xx_HAL_Driver\Src\stm32l0xx_hal_spi.c 0x00000000   Number         0  stm32l0xx_hal_spi.o ABSOLUTE
    ..\Drivers\STM32L0xx_HAL_Driver\Src\stm32l0xx_hal_tim.c 0x00000000   Number         0  stm32l0xx_hal_tim.o ABSOLUTE
    ..\Drivers\STM32L0xx_HAL_Driver\Src\stm32l0xx_hal_tim_ex.c 0x00000000   Number         0  stm32l0xx_hal_tim_ex.o ABSOLUTE
    ..\Drivers\STM32L0xx_HAL_Driver\Src\stm32l0xx_hal_uart.c 0x00000000   Number         0  stm32l0xx_hal_uart.o ABSOLUTE
    ..\Drivers\STM32L0xx_HAL_Driver\Src\stm32l0xx_hal_uart_ex.c 0x00000000   Number         0  stm32l0xx_hal_uart_ex.o ABSOLUTE
    ..\FATFS\src\diskio.c                    0x00000000   Number         0  diskio.o ABSOLUTE
    ..\FATFS\src\ff.c                        0x00000000   Number         0  ff.o ABSOLUTE
    ..\FATFS\src\ff_2_SPI_Link.c             0x00000000   Number         0  ff_2_spi_link.o ABSOLUTE
    ..\Services\ADC\src\ADC_Service.c        0x00000000   Number         0  adc_service.o ABSOLUTE
    ..\Services\FatFS_Service\src\FATFS_Service.c 0x00000000   Number         0  fatfs_service.o ABSOLUTE
    ..\Services\GPRS_Service\src\GPRS.c      0x00000000   Number         0  gprs.o ABSOLUTE
    ..\Services\GPS_Service\src\GPS.c        0x00000000   Number         0  gps.o ABSOLUTE
    ..\Services\GSM_Service\src\GSM.c        0x00000000   Number         0  gsm.o ABSOLUTE
    ..\Services\HB_Service\src\HB_Service.c  0x00000000   Number         0  hb_service.o ABSOLUTE
    ..\Services\I2C_Service\src\I2C_service.c 0x00000000   Number         0  i2c_service.o ABSOLUTE
    ..\Services\Logging_Service\src\logging_service.c 0x00000000   Number         0  logging_service.o ABSOLUTE
    ..\Services\Power_Down_GPIO_Service\src\Power_Down.c 0x00000000   Number         0  power_down.o ABSOLUTE
    ..\Services\TimerService\src\TimerService.c 0x00000000   Number         0  timerservice.o ABSOLUTE
    ..\Services\UART_Service\src\UART_Service.c 0x00000000   Number         0  uart_service.o ABSOLUTE
    ..\Services\Watchdog_Service\src\Watchdog_Service.c 0x00000000   Number         0  watchdog_service.o ABSOLUTE
    ..\Src\main.c                            0x00000000   Number         0  main.o ABSOLUTE
    ..\Src\stm32l0xx_hal_msp.c               0x00000000   Number         0  stm32l0xx_hal_msp.o ABSOLUTE
    ..\Src\stm32l0xx_it.c                    0x00000000   Number         0  stm32l0xx_it.o ABSOLUTE
    ..\\FATFS\\src\\diskio.c                 0x00000000   Number         0  diskio.o ABSOLUTE
    ..\\FATFS\\src\\ff_2_SPI_Link.c          0x00000000   Number         0  ff_2_spi_link.o ABSOLUTE
    ..\\Services\\ADC\\src\\ADC_Service.c    0x00000000   Number         0  adc_service.o ABSOLUTE
    ..\\Services\\GPS_Service\\src\\GPS.c    0x00000000   Number         0  gps.o ABSOLUTE
    ..\\Services\\GSM_Service\\src\\GSM.c    0x00000000   Number         0  gsm.o ABSOLUTE
    ..\\Services\\Power_Down_GPIO_Service\\src\\Power_Down.c 0x00000000   Number         0  power_down.o ABSOLUTE
    ..\\Services\\TimerService\\src\\TimerService.c 0x00000000   Number         0  timerservice.o ABSOLUTE
    ..\\Services\\UART_Service\\src\\UART_Service.c 0x00000000   Number         0  uart_service.o ABSOLUTE
    ..\\Services\\Watchdog_Service\\src\\Watchdog_Service.c 0x00000000   Number         0  watchdog_service.o ABSOLUTE
    cdrcmple.s                               0x00000000   Number         0  cdrcmple.o ABSOLUTE
    dc.s                                     0x00000000   Number         0  dc.o ABSOLUTE
    handlers.s                               0x00000000   Number         0  handlers.o ABSOLUTE
    init.s                                   0x00000000   Number         0  init.o ABSOLUTE
    startup_stm32l073xx.s                    0x00000000   Number         0  startup_stm32l073xx.o ABSOLUTE
    RESET                                    0x08000000   Section      192  startup_stm32l073xx.o(RESET)
    .ARM.Collect$$$$00000000                 0x080000c0   Section        0  entry.o(.ARM.Collect$$$$00000000)
    .ARM.Collect$$$$00000001                 0x080000c0   Section        4  entry2.o(.ARM.Collect$$$$00000001)
    .ARM.Collect$$$$00000004                 0x080000c4   Section        4  entry5.o(.ARM.Collect$$$$00000004)
    .ARM.Collect$$$$00000008                 0x080000c8   Section        0  entry7b.o(.ARM.Collect$$$$00000008)
    .ARM.Collect$$$$0000000A                 0x080000c8   Section        0  entry8b.o(.ARM.Collect$$$$0000000A)
    .ARM.Collect$$$$0000000B                 0x080000c8   Section        8  entry9a.o(.ARM.Collect$$$$0000000B)
    .ARM.Collect$$$$0000000D                 0x080000d0   Section        0  entry10a.o(.ARM.Collect$$$$0000000D)
    .ARM.Collect$$$$0000000F                 0x080000d0   Section        0  entry11a.o(.ARM.Collect$$$$0000000F)
    .ARM.Collect$$$$00002712                 0x080000d0   Section        4  entry2.o(.ARM.Collect$$$$00002712)
    __lit__00000000                          0x080000d0   Data           4  entry2.o(.ARM.Collect$$$$00002712)
    .text                                    0x080000d4   Section       28  startup_stm32l073xx.o(.text)
    .text                                    0x080000f0   Section        0  uidiv.o(.text)
    .text                                    0x0800011c   Section        0  memcpya.o(.text)
    .text                                    0x08000140   Section        0  memseta.o(.text)
    .text                                    0x08000164   Section        0  dadd.o(.text)
    .text                                    0x080002c8   Section        0  ddiv.o(.text)
    .text                                    0x080003b8   Section        0  dscalb.o(.text)
    .text                                    0x080003e4   Section        0  dfltui.o(.text)
    .text                                    0x08000400   Section        0  dfltul.o(.text)
    .text                                    0x0800041c   Section        0  dfixui.o(.text)
    .text                                    0x08000458   Section        0  llshl.o(.text)
    .text                                    0x08000478   Section        0  llushr.o(.text)
    .text                                    0x0800049a   Section        0  llsshr.o(.text)
    .text                                    0x080004c0   Section        0  depilogue.o(.text)
    .text                                    0x080004c0   Section        0  iusefp.o(.text)
    .text                                    0x08000580   Section       36  init.o(.text)
    i.EXTI4_15_IRQHandler                    0x080005a4   Section        0  stm32l0xx_it.o(i.EXTI4_15_IRQHandler)
    i.Error_Handler                          0x080005b0   Section        0  main.o(i.Error_Handler)
    i.FLASH_ErasePage                        0x080005b4   Section        0  stm32l0xx_hal_flash.o(i.FLASH_ErasePage)
    i.FLASH_IRQHandler                       0x080005dc   Section        0  stm32l0xx_it.o(i.FLASH_IRQHandler)
    i.FLASH_SetErrorCode                     0x080005e4   Section        0  stm32l0xx_hal_flash.o(i.FLASH_SetErrorCode)
    FLASH_SetErrorCode                       0x080005e5   Thumb Code   108  stm32l0xx_hal_flash.o(i.FLASH_SetErrorCode)
    i.GPS_Service_CheckGPSFix                0x0800065c   Section        0  gps.o(i.GPS_Service_CheckGPSFix)
    i.GPS_Service_GetLattitudeData           0x08000670   Section        0  gps.o(i.GPS_Service_GetLattitudeData)
    i.GPS_Service_GetLocationInfo            0x08000694   Section        0  gps.o(i.GPS_Service_GetLocationInfo)
    i.GPS_Service_GetLongitudeData           0x080006c0   Section        0  gps.o(i.GPS_Service_GetLongitudeData)
    i.GPS_Service_Init                       0x080006e4   Section        0  gps.o(i.GPS_Service_Init)
    i.GPS_Service_SetLattitudeData           0x08000770   Section        0  gps.o(i.GPS_Service_SetLattitudeData)
    i.GPS_Service_SetLongitudeData           0x08000794   Section        0  gps.o(i.GPS_Service_SetLongitudeData)
    i.GSM_Service_DetectValidSimCard         0x080007b8   Section        0  gsm.o(i.GSM_Service_DetectValidSimCard)
    i.GSM_Service_Find_Error_Response        0x080007e0   Section        0  gsm.o(i.GSM_Service_Find_Error_Response)
    i.GSM_Service_Find_OK_Response           0x08000838   Section        0  gsm.o(i.GSM_Service_Find_OK_Response)
    i.GSM_Service_Find_SMS_Send_Start_Command 0x0800087c   Section        0  gsm.o(i.GSM_Service_Find_SMS_Send_Start_Command)
    i.GSM_Service_Init                       0x080008a0   Section        0  gsm.o(i.GSM_Service_Init)
    i.GSM_Service_Parse_Response             0x080008cc   Section        0  gsm.o(i.GSM_Service_Parse_Response)
    i.GSM_Service_SendSMS                    0x08000a0c   Section        0  gsm.o(i.GSM_Service_SendSMS)
    i.HAL_Delay                              0x08000afc   Section        0  stm32l0xx_hal.o(i.HAL_Delay)
    i.HAL_FLASH_EndOfOperationCallback       0x08000b12   Section        0  stm32l0xx_hal_flash.o(i.HAL_FLASH_EndOfOperationCallback)
    i.HAL_FLASH_IRQHandler                   0x08000b14   Section        0  stm32l0xx_hal_flash.o(i.HAL_FLASH_IRQHandler)
    i.HAL_FLASH_OperationErrorCallback       0x08000be0   Section        0  stm32l0xx_hal_flash.o(i.HAL_FLASH_OperationErrorCallback)
    i.HAL_GPIO_EXTI_Callback                 0x08000be4   Section        0  main.o(i.HAL_GPIO_EXTI_Callback)
    i.HAL_GPIO_EXTI_IRQHandler               0x08000bf8   Section        0  stm32l0xx_hal_gpio.o(i.HAL_GPIO_EXTI_IRQHandler)
    i.HAL_GPIO_Init                          0x08000c10   Section        0  stm32l0xx_hal_gpio.o(i.HAL_GPIO_Init)
    i.HAL_GPIO_TogglePin                     0x08000d74   Section        0  stm32l0xx_hal_gpio.o(i.HAL_GPIO_TogglePin)
    i.HAL_GPIO_WritePin                      0x08000d7c   Section        0  stm32l0xx_hal_gpio.o(i.HAL_GPIO_WritePin)
    i.HAL_GetTick                            0x08000d88   Section        0  stm32l0xx_hal.o(i.HAL_GetTick)
    i.HAL_I2C_ER_IRQHandler                  0x08000d94   Section        0  stm32l0xx_hal_i2c.o(i.HAL_I2C_ER_IRQHandler)
    i.HAL_I2C_EV_IRQHandler                  0x08000e02   Section        0  stm32l0xx_hal_i2c.o(i.HAL_I2C_EV_IRQHandler)
    i.HAL_I2C_ErrorCallback                  0x08000f24   Section        0  stm32l0xx_hal_i2c.o(i.HAL_I2C_ErrorCallback)
    i.HAL_I2C_MasterRxCpltCallback           0x08000f26   Section        0  stm32l0xx_hal_i2c.o(i.HAL_I2C_MasterRxCpltCallback)
    i.HAL_I2C_MasterTxCpltCallback           0x08000f28   Section        0  stm32l0xx_hal_i2c.o(i.HAL_I2C_MasterTxCpltCallback)
    i.HAL_I2C_MemRxCpltCallback              0x08000f2a   Section        0  stm32l0xx_hal_i2c.o(i.HAL_I2C_MemRxCpltCallback)
    i.HAL_I2C_MemTxCpltCallback              0x08000f2c   Section        0  stm32l0xx_hal_i2c.o(i.HAL_I2C_MemTxCpltCallback)
    i.HAL_I2C_SlaveRxCpltCallback            0x08000f2e   Section        0  stm32l0xx_hal_i2c.o(i.HAL_I2C_SlaveRxCpltCallback)
    i.HAL_I2C_SlaveTxCpltCallback            0x08000f30   Section        0  stm32l0xx_hal_i2c.o(i.HAL_I2C_SlaveTxCpltCallback)
    i.HAL_IncTick                            0x08000f34   Section        0  stm32l0xx_hal.o(i.HAL_IncTick)
    i.HAL_Init                               0x08000f44   Section        0  stm32l0xx_hal.o(i.HAL_Init)
    i.HAL_InitTick                           0x08000f64   Section        0  stm32l0xx_hal.o(i.HAL_InitTick)
    i.HAL_LPTIM_AutoReloadMatchCallback      0x08000f8c   Section        0  stm32l0xx_hal_lptim.o(i.HAL_LPTIM_AutoReloadMatchCallback)
    i.HAL_LPTIM_AutoReloadWriteCallback      0x08000f8e   Section        0  stm32l0xx_hal_lptim.o(i.HAL_LPTIM_AutoReloadWriteCallback)
    i.HAL_LPTIM_CompareMatchCallback         0x08000f90   Section        0  stm32l0xx_hal_lptim.o(i.HAL_LPTIM_CompareMatchCallback)
    i.HAL_LPTIM_CompareWriteCallback         0x08000f92   Section        0  stm32l0xx_hal_lptim.o(i.HAL_LPTIM_CompareWriteCallback)
    i.HAL_LPTIM_DirectionDownCallback        0x08000f94   Section        0  stm32l0xx_hal_lptim.o(i.HAL_LPTIM_DirectionDownCallback)
    i.HAL_LPTIM_DirectionUpCallback          0x08000f96   Section        0  stm32l0xx_hal_lptim.o(i.HAL_LPTIM_DirectionUpCallback)
    i.HAL_LPTIM_IRQHandler                   0x08000f98   Section        0  stm32l0xx_hal_lptim.o(i.HAL_LPTIM_IRQHandler)
    i.HAL_LPTIM_TriggerCallback              0x08001070   Section        0  stm32l0xx_hal_lptim.o(i.HAL_LPTIM_TriggerCallback)
    i.HAL_MspInit                            0x08001074   Section        0  stm32l0xx_hal_msp.o(i.HAL_MspInit)
    i.HAL_NVIC_EnableIRQ                     0x080010c4   Section        0  stm32l0xx_hal_cortex.o(i.HAL_NVIC_EnableIRQ)
    i.HAL_NVIC_SetPriority                   0x080010d8   Section        0  stm32l0xx_hal_cortex.o(i.HAL_NVIC_SetPriority)
    i.HAL_PWR_PVDCallback                    0x080010e0   Section        0  stm32l0xx_hal_pwr.o(i.HAL_PWR_PVDCallback)
    i.HAL_PWR_PVD_IRQHandler                 0x080010e4   Section        0  stm32l0xx_hal_pwr.o(i.HAL_PWR_PVD_IRQHandler)
    i.HAL_RCCEx_PeriphCLKConfig              0x08001100   Section        0  stm32l0xx_hal_rcc_ex.o(i.HAL_RCCEx_PeriphCLKConfig)
    i.HAL_RCC_ClockConfig                    0x0800129c   Section        0  stm32l0xx_hal_rcc.o(i.HAL_RCC_ClockConfig)
    i.HAL_RCC_GetHCLKFreq                    0x08001424   Section        0  stm32l0xx_hal_rcc.o(i.HAL_RCC_GetHCLKFreq)
    i.HAL_RCC_GetPCLK1Freq                   0x08001430   Section        0  stm32l0xx_hal_rcc.o(i.HAL_RCC_GetPCLK1Freq)
    i.HAL_RCC_GetPCLK2Freq                   0x08001450   Section        0  stm32l0xx_hal_rcc.o(i.HAL_RCC_GetPCLK2Freq)
    i.HAL_RCC_GetSysClockFreq                0x08001470   Section        0  stm32l0xx_hal_rcc.o(i.HAL_RCC_GetSysClockFreq)
    i.HAL_RCC_OscConfig                      0x08001510   Section        0  stm32l0xx_hal_rcc.o(i.HAL_RCC_OscConfig)
    i.HAL_SPI_ErrorCallback                  0x080019b8   Section        0  stm32l0xx_hal_spi.o(i.HAL_SPI_ErrorCallback)
    i.HAL_SPI_IRQHandler                     0x080019ba   Section        0  stm32l0xx_hal_spi.o(i.HAL_SPI_IRQHandler)
    i.HAL_SYSTICK_CLKSourceConfig            0x08001a80   Section        0  stm32l0xx_hal_cortex.o(i.HAL_SYSTICK_CLKSourceConfig)
    i.HAL_SYSTICK_Callback                   0x08001a9c   Section        0  stm32l0xx_hal_cortex.o(i.HAL_SYSTICK_Callback)
    i.HAL_SYSTICK_Config                     0x08001aa0   Section        0  stm32l0xx_hal_cortex.o(i.HAL_SYSTICK_Config)
    i.HAL_SYSTICK_IRQHandler                 0x08001ad0   Section        0  stm32l0xx_hal_cortex.o(i.HAL_SYSTICK_IRQHandler)
    i.HAL_TIMEx_MasterConfigSynchronization  0x08001ad8   Section        0  stm32l0xx_hal_tim_ex.o(i.HAL_TIMEx_MasterConfigSynchronization)
    i.HAL_TIM_Base_Init                      0x08001b20   Section        0  stm32l0xx_hal_tim.o(i.HAL_TIM_Base_Init)
    i.HAL_TIM_Base_MspInit                   0x08001b58   Section        0  stm32l0xx_hal_msp.o(i.HAL_TIM_Base_MspInit)
    i.HAL_TIM_ConfigClockSource              0x08001b84   Section        0  stm32l0xx_hal_tim.o(i.HAL_TIM_ConfigClockSource)
    i.HAL_TIM_IC_CaptureCallback             0x08001c8c   Section        0  stm32l0xx_hal_tim.o(i.HAL_TIM_IC_CaptureCallback)
    i.HAL_TIM_IRQHandler                     0x08001c8e   Section        0  stm32l0xx_hal_tim.o(i.HAL_TIM_IRQHandler)
    i.HAL_TIM_OC_DelayElapsedCallback        0x08001dbc   Section        0  stm32l0xx_hal_tim.o(i.HAL_TIM_OC_DelayElapsedCallback)
    i.HAL_TIM_PWM_PulseFinishedCallback      0x08001dbe   Section        0  stm32l0xx_hal_tim.o(i.HAL_TIM_PWM_PulseFinishedCallback)
    i.HAL_TIM_PeriodElapsedCallback          0x08001dc0   Section        0  timerservice.o(i.HAL_TIM_PeriodElapsedCallback)
    i.HAL_TIM_TriggerCallback                0x08001dd4   Section        0  stm32l0xx_hal_tim.o(i.HAL_TIM_TriggerCallback)
    i.HAL_UARTEx_WakeupCallback              0x08001dd6   Section        0  stm32l0xx_hal_uart_ex.o(i.HAL_UARTEx_WakeupCallback)
    i.HAL_UART_ErrorCallback                 0x08001dd8   Section        0  uart_service.o(i.HAL_UART_ErrorCallback)
    i.HAL_UART_IRQHandler                    0x08001dda   Section        0  stm32l0xx_hal_uart.o(i.HAL_UART_IRQHandler)
    i.HAL_UART_Init                          0x08001ec4   Section        0  stm32l0xx_hal_uart.o(i.HAL_UART_Init)
    i.HAL_UART_MspInit                       0x08001f30   Section        0  stm32l0xx_hal_msp.o(i.HAL_UART_MspInit)
    i.HAL_UART_Receive_IT                    0x08001f84   Section        0  stm32l0xx_hal_uart.o(i.HAL_UART_Receive_IT)
    i.HAL_UART_RxCpltCallback                0x0800202c   Section        0  uart_service.o(i.HAL_UART_RxCpltCallback)
    i.HAL_UART_Transmit_IT                   0x08002036   Section        0  stm32l0xx_hal_uart.o(i.HAL_UART_Transmit_IT)
    i.HAL_UART_TxCpltCallback                0x0800208e   Section        0  uart_service.o(i.HAL_UART_TxCpltCallback)
    i.I2C1_IRQHandler                        0x08002098   Section        0  stm32l0xx_it.o(i.I2C1_IRQHandler)
    i.I2C_MasterReceive_ISR                  0x080020bc   Section        0  stm32l0xx_hal_i2c.o(i.I2C_MasterReceive_ISR)
    I2C_MasterReceive_ISR                    0x080020bd   Thumb Code   328  stm32l0xx_hal_i2c.o(i.I2C_MasterReceive_ISR)
    i.I2C_MasterTransmit_ISR                 0x08002208   Section        0  stm32l0xx_hal_i2c.o(i.I2C_MasterTransmit_ISR)
    I2C_MasterTransmit_ISR                   0x08002209   Thumb Code   340  stm32l0xx_hal_i2c.o(i.I2C_MasterTransmit_ISR)
    i.I2C_SlaveReceive_ISR                   0x08002360   Section        0  stm32l0xx_hal_i2c.o(i.I2C_SlaveReceive_ISR)
    I2C_SlaveReceive_ISR                     0x08002361   Thumb Code   148  stm32l0xx_hal_i2c.o(i.I2C_SlaveReceive_ISR)
    i.I2C_SlaveTransmit_ISR                  0x080023f4   Section        0  stm32l0xx_hal_i2c.o(i.I2C_SlaveTransmit_ISR)
    I2C_SlaveTransmit_ISR                    0x080023f5   Thumb Code   160  stm32l0xx_hal_i2c.o(i.I2C_SlaveTransmit_ISR)
    i.I2C_TransferConfig                     0x08002494   Section        0  stm32l0xx_hal_i2c.o(i.I2C_TransferConfig)
    I2C_TransferConfig                       0x08002495   Thumb Code    30  stm32l0xx_hal_i2c.o(i.I2C_TransferConfig)
    i.LPTIM1_IRQHandler                      0x080024b8   Section        0  stm32l0xx_it.o(i.LPTIM1_IRQHandler)
    i.MX_GPIO_Init                           0x080024c8   Section        0  main.o(i.MX_GPIO_Init)
    MX_GPIO_Init                             0x080024c9   Thumb Code   184  main.o(i.MX_GPIO_Init)
    i.NVIC_SetPriority                       0x0800258c   Section        0  stm32l0xx_hal_cortex.o(i.NVIC_SetPriority)
    NVIC_SetPriority                         0x0800258d   Thumb Code    60  stm32l0xx_hal_cortex.o(i.NVIC_SetPriority)
    i.PVD_IRQHandler                         0x080025d0   Section        0  stm32l0xx_it.o(i.PVD_IRQHandler)
    i.SPI1_IRQHandler                        0x080025d8   Section        0  stm32l0xx_it.o(i.SPI1_IRQHandler)
    i.SysTick_Handler                        0x080025e8   Section        0  stm32l0xx_it.o(i.SysTick_Handler)
    i.SystemClock_Config                     0x080025f4   Section        0  main.o(i.SystemClock_Config)
    i.SystemInit                             0x08002694   Section        0  system_stm32l0xx.o(i.SystemInit)
    i.TIM2_IRQHandler                        0x080026e8   Section        0  stm32l0xx_it.o(i.TIM2_IRQHandler)
    i.TIM_Base_SetConfig                     0x080026f8   Section        0  stm32l0xx_hal_tim.o(i.TIM_Base_SetConfig)
    TIM_Base_SetConfig                       0x080026f9   Thumb Code    80  stm32l0xx_hal_tim.o(i.TIM_Base_SetConfig)
    i.TIM_ETR_SetConfig                      0x08002754   Section        0  stm32l0xx_hal_tim.o(i.TIM_ETR_SetConfig)
    TIM_ETR_SetConfig                        0x08002755   Thumb Code    22  stm32l0xx_hal_tim.o(i.TIM_ETR_SetConfig)
    i.TIM_ITRx_SetConfig                     0x0800276a   Section        0  stm32l0xx_hal_tim.o(i.TIM_ITRx_SetConfig)
    TIM_ITRx_SetConfig                       0x0800276b   Thumb Code    16  stm32l0xx_hal_tim.o(i.TIM_ITRx_SetConfig)
    i.TIM_TI1_ConfigInputStage               0x0800277a   Section        0  stm32l0xx_hal_tim.o(i.TIM_TI1_ConfigInputStage)
    TIM_TI1_ConfigInputStage                 0x0800277b   Thumb Code    34  stm32l0xx_hal_tim.o(i.TIM_TI1_ConfigInputStage)
    i.TIM_TI2_ConfigInputStage               0x0800279c   Section        0  stm32l0xx_hal_tim.o(i.TIM_TI2_ConfigInputStage)
    TIM_TI2_ConfigInputStage                 0x0800279d   Thumb Code    38  stm32l0xx_hal_tim.o(i.TIM_TI2_ConfigInputStage)
    i.Timer_Service_Init                     0x080027c4   Section        0  timerservice.o(i.Timer_Service_Init)
    i.Timer_Service_SetTimeoutState          0x08002808   Section        0  timerservice.o(i.Timer_Service_SetTimeoutState)
    i.UART_AdvFeatureConfig                  0x08002814   Section        0  stm32l0xx_hal_uart.o(i.UART_AdvFeatureConfig)
    i.UART_CheckIdleState                    0x080028e0   Section        0  stm32l0xx_hal_uart.o(i.UART_CheckIdleState)
    i.UART_EndTransmit_IT                    0x0800293c   Section        0  stm32l0xx_hal_uart.o(i.UART_EndTransmit_IT)
    UART_EndTransmit_IT                      0x0800293d   Thumb Code    26  stm32l0xx_hal_uart.o(i.UART_EndTransmit_IT)
    i.UART_Receive_IT                        0x08002956   Section        0  stm32l0xx_hal_uart.o(i.UART_Receive_IT)
    UART_Receive_IT                          0x08002957   Thumb Code   138  stm32l0xx_hal_uart.o(i.UART_Receive_IT)
    i.UART_Service_Get_State                 0x080029e0   Section        0  uart_service.o(i.UART_Service_Get_State)
    i.UART_Service_Init                      0x080029ec   Section        0  uart_service.o(i.UART_Service_Init)
    i.UART_Service_Receive_Data              0x08002a28   Section        0  uart_service.o(i.UART_Service_Receive_Data)
    i.UART_Service_Set_State                 0x08002a4c   Section        0  uart_service.o(i.UART_Service_Set_State)
    i.UART_Service_Transmit_Data             0x08002a58   Section        0  uart_service.o(i.UART_Service_Transmit_Data)
    i.UART_SetConfig                         0x08002a7c   Section        0  stm32l0xx_hal_uart.o(i.UART_SetConfig)
    i.UART_Transmit_IT                       0x08002dd4   Section        0  stm32l0xx_hal_uart.o(i.UART_Transmit_IT)
    UART_Transmit_IT                         0x08002dd5   Thumb Code   104  stm32l0xx_hal_uart.o(i.UART_Transmit_IT)
    i.UART_WaitOnFlagUntilTimeout            0x08002e3c   Section        0  stm32l0xx_hal_uart.o(i.UART_WaitOnFlagUntilTimeout)
    i.USART1_IRQHandler                      0x08002f00   Section        0  stm32l0xx_it.o(i.USART1_IRQHandler)
    i.__ARM_clz                              0x08002f80   Section        0  depilogue.o(i.__ARM_clz)
    i.__ARM_common_switch8                   0x08002fae   Section        0  stm32l0xx_hal_tim.o(i.__ARM_common_switch8)
    i.__scatterload_copy                     0x08002fc8   Section       14  handlers.o(i.__scatterload_copy)
    i.__scatterload_null                     0x08002fd6   Section        2  handlers.o(i.__scatterload_null)
    i.__scatterload_zeroinit                 0x08002fd8   Section       14  handlers.o(i.__scatterload_zeroinit)
    i.main                                   0x08002fe8   Section        0  main.o(i.main)
    .constdata                               0x0800318c   Section       25  system_stm32l0xx.o(.constdata)
    .constdata                               0x080031a5   Section        8  system_stm32l0xx.o(.constdata)
    .data                                    0x20000000   Section        4  stm32l0xx_hal.o(.data)
    .data                                    0x20000004   Section        4  system_stm32l0xx.o(.data)
    .data                                    0x20000008   Section       38  main.o(.data)
    .data                                    0x2000002e   Section        2  gps.o(.data)
    current_offset_lattitude                 0x2000002e   Data           1  gps.o(.data)
    current_offset_longitude                 0x2000002f   Data           1  gps.o(.data)
    .data                                    0x20000030   Section       16  gsm.o(.data)
    module_response_ok                       0x20000030   Data           1  gsm.o(.data)
    module_response_error                    0x20000031   Data           1  gsm.o(.data)
    module_response_sms_send_start           0x20000032   Data           1  gsm.o(.data)
    .data                                    0x20000040   Section        1  timerservice.o(.data)
    .data                                    0x20000041   Section        1  uart_service.o(.data)
    uart_state                               0x20000041   Data           1  uart_service.o(.data)
    .bss                                     0x20000044   Section       24  stm32l0xx_hal_flash.o(.bss)
    .bss                                     0x2000005c   Section       60  main.o(.bss)
    .bss                                     0x20000098   Section       48  main.o(.bss)
    .bss                                     0x200000c8   Section       88  main.o(.bss)
    .bss                                     0x20000120   Section      150  main.o(.bss)
    .bss                                     0x200001b6   Section      118  gps.o(.bss)
    .bss                                     0x2000022c   Section      300  gsm.o(.bss)
    .bss                                     0x20000358   Section       56  timerservice.o(.bss)
    .bss                                     0x20000390   Section      112  uart_service.o(.bss)
    STACK                                    0x20000400   Section     1024  startup_stm32l073xx.o(STACK)

    Global Symbols

    Symbol Name                              Value     Ov Type        Size  Object(Section)

    BuildAttributes$$THM_ISAv3M$S$PE$A:L22$X:L11$S22$IEEE1$IW$USESV6$~STKCKD$USESV7$~SHL$OSPACE$ROPI$EBA8$MICROLIB$REQ8$PRES8$EABIv2 0x00000000   Number         0  anon$$obj.o ABSOLUTE
    __ARM_use_no_argv                        0x00000000   Number         0  main.o ABSOLUTE
    _printf_a                                0x00000000   Number         0  stubs.o ABSOLUTE
    _printf_c                                0x00000000   Number         0  stubs.o ABSOLUTE
    _printf_charcount                        0x00000000   Number         0  stubs.o ABSOLUTE
    _printf_d                                0x00000000   Number         0  stubs.o ABSOLUTE
    _printf_e                                0x00000000   Number         0  stubs.o ABSOLUTE
    _printf_f                                0x00000000   Number         0  stubs.o ABSOLUTE
    _printf_flags                            0x00000000   Number         0  stubs.o ABSOLUTE
    _printf_fp_dec                           0x00000000   Number         0  stubs.o ABSOLUTE
    _printf_fp_hex                           0x00000000   Number         0  stubs.o ABSOLUTE
    _printf_g                                0x00000000   Number         0  stubs.o ABSOLUTE
    _printf_i                                0x00000000   Number         0  stubs.o ABSOLUTE
    _printf_int_dec                          0x00000000   Number         0  stubs.o ABSOLUTE
    _printf_l                                0x00000000   Number         0  stubs.o ABSOLUTE
    _printf_lc                               0x00000000   Number         0  stubs.o ABSOLUTE
    _printf_ll                               0x00000000   Number         0  stubs.o ABSOLUTE
    _printf_lld                              0x00000000   Number         0  stubs.o ABSOLUTE
    _printf_lli                              0x00000000   Number         0  stubs.o ABSOLUTE
    _printf_llo                              0x00000000   Number         0  stubs.o ABSOLUTE
    _printf_llu                              0x00000000   Number         0  stubs.o ABSOLUTE
    _printf_llx                              0x00000000   Number         0  stubs.o ABSOLUTE
    _printf_longlong_dec                     0x00000000   Number         0  stubs.o ABSOLUTE
    _printf_longlong_hex                     0x00000000   Number         0  stubs.o ABSOLUTE
    _printf_longlong_oct                     0x00000000   Number         0  stubs.o ABSOLUTE
    _printf_ls                               0x00000000   Number         0  stubs.o ABSOLUTE
    _printf_mbtowc                           0x00000000   Number         0  stubs.o ABSOLUTE
    _printf_n                                0x00000000   Number         0  stubs.o ABSOLUTE
    _printf_o                                0x00000000   Number         0  stubs.o ABSOLUTE
    _printf_p                                0x00000000   Number         0  stubs.o ABSOLUTE
    _printf_percent                          0x00000000   Number         0  stubs.o ABSOLUTE
    _printf_pre_padding                      0x00000000   Number         0  stubs.o ABSOLUTE
    _printf_return_value                     0x00000000   Number         0  stubs.o ABSOLUTE
    _printf_s                                0x00000000   Number         0  stubs.o ABSOLUTE
    _printf_sizespec                         0x00000000   Number         0  stubs.o ABSOLUTE
    _printf_str                              0x00000000   Number         0  stubs.o ABSOLUTE
    _printf_truncate_signed                  0x00000000   Number         0  stubs.o ABSOLUTE
    _printf_truncate_unsigned                0x00000000   Number         0  stubs.o ABSOLUTE
    _printf_u                                0x00000000   Number         0  stubs.o ABSOLUTE
    _printf_wc                               0x00000000   Number         0  stubs.o ABSOLUTE
    _printf_wctomb                           0x00000000   Number         0  stubs.o ABSOLUTE
    _printf_widthprec                        0x00000000   Number         0  stubs.o ABSOLUTE
    _printf_x                                0x00000000   Number         0  stubs.o ABSOLUTE
    __cpp_initialize__aeabi_                  - Undefined Weak Reference
    __cxa_finalize                            - Undefined Weak Reference
    __decompress                              - Undefined Weak Reference
    _clock_init                               - Undefined Weak Reference
    _microlib_exit                            - Undefined Weak Reference
    __Vectors_Size                           0x000000c0   Number         0  startup_stm32l073xx.o ABSOLUTE
    __Vectors                                0x08000000   Data           4  startup_stm32l073xx.o(RESET)
    __Vectors_End                            0x080000c0   Data           0  startup_stm32l073xx.o(RESET)
    __main                                   0x080000c1   Thumb Code     0  entry.o(.ARM.Collect$$$$00000000)
    _main_stk                                0x080000c1   Thumb Code     0  entry2.o(.ARM.Collect$$$$00000001)
    _main_scatterload                        0x080000c5   Thumb Code     0  entry5.o(.ARM.Collect$$$$00000004)
    __main_after_scatterload                 0x080000c9   Thumb Code     0  entry5.o(.ARM.Collect$$$$00000004)
    _main_clock                              0x080000c9   Thumb Code     0  entry7b.o(.ARM.Collect$$$$00000008)
    _main_cpp_init                           0x080000c9   Thumb Code     0  entry8b.o(.ARM.Collect$$$$0000000A)
    _main_init                               0x080000c9   Thumb Code     0  entry9a.o(.ARM.Collect$$$$0000000B)
    __rt_final_cpp                           0x080000d1   Thumb Code     0  entry10a.o(.ARM.Collect$$$$0000000D)
    __rt_final_exit                          0x080000d1   Thumb Code     0  entry11a.o(.ARM.Collect$$$$0000000F)
    Reset_Handler                            0x080000d5   Thumb Code     8  startup_stm32l073xx.o(.text)
    NMI_Handler                              0x080000dd   Thumb Code     2  startup_stm32l073xx.o(.text)
    HardFault_Handler                        0x080000df   Thumb Code     2  startup_stm32l073xx.o(.text)
    SVC_Handler                              0x080000e1   Thumb Code     2  startup_stm32l073xx.o(.text)
    PendSV_Handler                           0x080000e3   Thumb Code     2  startup_stm32l073xx.o(.text)
    ADC1_COMP_IRQHandler                     0x080000e7   Thumb Code     0  startup_stm32l073xx.o(.text)
    DMA1_Channel1_IRQHandler                 0x080000e7   Thumb Code     0  startup_stm32l073xx.o(.text)
    DMA1_Channel2_3_IRQHandler               0x080000e7   Thumb Code     0  startup_stm32l073xx.o(.text)
    DMA1_Channel4_5_6_7_IRQHandler           0x080000e7   Thumb Code     0  startup_stm32l073xx.o(.text)
    EXTI0_1_IRQHandler                       0x080000e7   Thumb Code     0  startup_stm32l073xx.o(.text)
    EXTI2_3_IRQHandler                       0x080000e7   Thumb Code     0  startup_stm32l073xx.o(.text)
    I2C2_IRQHandler                          0x080000e7   Thumb Code     0  startup_stm32l073xx.o(.text)
    I2C3_IRQHandler                          0x080000e7   Thumb Code     0  startup_stm32l073xx.o(.text)
    LCD_IRQHandler                           0x080000e7   Thumb Code     0  startup_stm32l073xx.o(.text)
    RCC_CRS_IRQHandler                       0x080000e7   Thumb Code     0  startup_stm32l073xx.o(.text)
    RNG_LPUART1_IRQHandler                   0x080000e7   Thumb Code     0  startup_stm32l073xx.o(.text)
    RTC_IRQHandler                           0x080000e7   Thumb Code     0  startup_stm32l073xx.o(.text)
    SPI2_IRQHandler                          0x080000e7   Thumb Code     0  startup_stm32l073xx.o(.text)
    TIM21_IRQHandler                         0x080000e7   Thumb Code     0  startup_stm32l073xx.o(.text)
    TIM22_IRQHandler                         0x080000e7   Thumb Code     0  startup_stm32l073xx.o(.text)
    TIM3_IRQHandler                          0x080000e7   Thumb Code     0  startup_stm32l073xx.o(.text)
    TIM6_DAC_IRQHandler                      0x080000e7   Thumb Code     0  startup_stm32l073xx.o(.text)
    TIM7_IRQHandler                          0x080000e7   Thumb Code     0  startup_stm32l073xx.o(.text)
    TSC_IRQHandler                           0x080000e7   Thumb Code     0  startup_stm32l073xx.o(.text)
    USART2_IRQHandler                        0x080000e7   Thumb Code     0  startup_stm32l073xx.o(.text)
    USART4_5_IRQHandler                      0x080000e7   Thumb Code     0  startup_stm32l073xx.o(.text)
    USB_IRQHandler                           0x080000e7   Thumb Code     0  startup_stm32l073xx.o(.text)
    WWDG_IRQHandler                          0x080000e7   Thumb Code     0  startup_stm32l073xx.o(.text)
    __aeabi_uidiv                            0x080000f1   Thumb Code     0  uidiv.o(.text)
    __aeabi_uidivmod                         0x080000f1   Thumb Code    44  uidiv.o(.text)
    __aeabi_memcpy                           0x0800011d   Thumb Code    36  memcpya.o(.text)
    __aeabi_memcpy4                          0x0800011d   Thumb Code     0  memcpya.o(.text)
    __aeabi_memcpy8                          0x0800011d   Thumb Code     0  memcpya.o(.text)
    __aeabi_memset                           0x08000141   Thumb Code    14  memseta.o(.text)
    __aeabi_memset4                          0x08000141   Thumb Code     0  memseta.o(.text)
    __aeabi_memset8                          0x08000141   Thumb Code     0  memseta.o(.text)
    __aeabi_memclr                           0x0800014f   Thumb Code     4  memseta.o(.text)
    __aeabi_memclr4                          0x0800014f   Thumb Code     0  memseta.o(.text)
    __aeabi_memclr8                          0x0800014f   Thumb Code     0  memseta.o(.text)
    _memset$wrapper                          0x08000153   Thumb Code    18  memseta.o(.text)
    __aeabi_dadd                             0x08000165   Thumb Code   328  dadd.o(.text)
    __aeabi_dsub                             0x080002ad   Thumb Code    12  dadd.o(.text)
    __aeabi_drsub                            0x080002b9   Thumb Code    12  dadd.o(.text)
    __aeabi_ddiv                             0x080002c9   Thumb Code   234  ddiv.o(.text)
    __ARM_scalbn                             0x080003b9   Thumb Code    44  dscalb.o(.text)
    scalbn                                   0x080003b9   Thumb Code     0  dscalb.o(.text)
    __aeabi_ui2d                             0x080003e5   Thumb Code    24  dfltui.o(.text)
    __aeabi_ul2d                             0x08000401   Thumb Code    22  dfltul.o(.text)
    __aeabi_d2uiz                            0x0800041d   Thumb Code    50  dfixui.o(.text)
    __aeabi_llsl                             0x08000459   Thumb Code    32  llshl.o(.text)
    _ll_shift_l                              0x08000459   Thumb Code     0  llshl.o(.text)
    __aeabi_llsr                             0x08000479   Thumb Code    34  llushr.o(.text)
    _ll_ushift_r                             0x08000479   Thumb Code     0  llushr.o(.text)
    __aeabi_lasr                             0x0800049b   Thumb Code    38  llsshr.o(.text)
    _ll_sshift_r                             0x0800049b   Thumb Code     0  llsshr.o(.text)
    __I$use$fp                               0x080004c1   Thumb Code     0  iusefp.o(.text)
    _double_round                            0x080004c1   Thumb Code    26  depilogue.o(.text)
    _double_epilogue                         0x080004db   Thumb Code   164  depilogue.o(.text)
    __scatterload                            0x08000581   Thumb Code    28  init.o(.text)
    __scatterload_rt2                        0x08000581   Thumb Code     0  init.o(.text)
    EXTI4_15_IRQHandler                      0x080005a5   Thumb Code    12  stm32l0xx_it.o(i.EXTI4_15_IRQHandler)
    Error_Handler                            0x080005b1   Thumb Code     2  main.o(i.Error_Handler)
    FLASH_ErasePage                          0x080005b5   Thumb Code    30  stm32l0xx_hal_flash.o(i.FLASH_ErasePage)
    FLASH_IRQHandler                         0x080005dd   Thumb Code     8  stm32l0xx_it.o(i.FLASH_IRQHandler)
    GPS_Service_CheckGPSFix                  0x0800065d   Thumb Code    16  gps.o(i.GPS_Service_CheckGPSFix)
    GPS_Service_GetLattitudeData             0x08000671   Thumb Code    28  gps.o(i.GPS_Service_GetLattitudeData)
    GPS_Service_GetLocationInfo              0x08000695   Thumb Code    30  gps.o(i.GPS_Service_GetLocationInfo)
    GPS_Service_GetLongitudeData             0x080006c1   Thumb Code    28  gps.o(i.GPS_Service_GetLongitudeData)
    GPS_Service_Init                         0x080006e5   Thumb Code   102  gps.o(i.GPS_Service_Init)
    GPS_Service_SetLattitudeData             0x08000771   Thumb Code    26  gps.o(i.GPS_Service_SetLattitudeData)
    GPS_Service_SetLongitudeData             0x08000795   Thumb Code    26  gps.o(i.GPS_Service_SetLongitudeData)
    GSM_Service_DetectValidSimCard           0x080007b9   Thumb Code    28  gsm.o(i.GSM_Service_DetectValidSimCard)
    GSM_Service_Find_Error_Response          0x080007e1   Thumb Code    82  gsm.o(i.GSM_Service_Find_Error_Response)
    GSM_Service_Find_OK_Response             0x08000839   Thumb Code    64  gsm.o(i.GSM_Service_Find_OK_Response)
    GSM_Service_Find_SMS_Send_Start_Command  0x0800087d   Thumb Code    30  gsm.o(i.GSM_Service_Find_SMS_Send_Start_Command)
    GSM_Service_Init                         0x080008a1   Thumb Code    38  gsm.o(i.GSM_Service_Init)
    GSM_Service_Parse_Response               0x080008cd   Thumb Code   310  gsm.o(i.GSM_Service_Parse_Response)
    GSM_Service_SendSMS                      0x08000a0d   Thumb Code   206  gsm.o(i.GSM_Service_SendSMS)
    HAL_Delay                                0x08000afd   Thumb Code    22  stm32l0xx_hal.o(i.HAL_Delay)
    HAL_FLASH_EndOfOperationCallback         0x08000b13   Thumb Code     2  stm32l0xx_hal_flash.o(i.HAL_FLASH_EndOfOperationCallback)
    HAL_FLASH_IRQHandler                     0x08000b15   Thumb Code   192  stm32l0xx_hal_flash.o(i.HAL_FLASH_IRQHandler)
    HAL_FLASH_OperationErrorCallback         0x08000be1   Thumb Code     2  stm32l0xx_hal_flash.o(i.HAL_FLASH_OperationErrorCallback)
    HAL_GPIO_EXTI_Callback                   0x08000be5   Thumb Code    16  main.o(i.HAL_GPIO_EXTI_Callback)
    HAL_GPIO_EXTI_IRQHandler                 0x08000bf9   Thumb Code    18  stm32l0xx_hal_gpio.o(i.HAL_GPIO_EXTI_IRQHandler)
    HAL_GPIO_Init                            0x08000c11   Thumb Code   324  stm32l0xx_hal_gpio.o(i.HAL_GPIO_Init)
    HAL_GPIO_TogglePin                       0x08000d75   Thumb Code     8  stm32l0xx_hal_gpio.o(i.HAL_GPIO_TogglePin)
    HAL_GPIO_WritePin                        0x08000d7d   Thumb Code    12  stm32l0xx_hal_gpio.o(i.HAL_GPIO_WritePin)
    HAL_GetTick                              0x08000d89   Thumb Code     6  stm32l0xx_hal.o(i.HAL_GetTick)
    HAL_I2C_ER_IRQHandler                    0x08000d95   Thumb Code   110  stm32l0xx_hal_i2c.o(i.HAL_I2C_ER_IRQHandler)
    HAL_I2C_EV_IRQHandler                    0x08000e03   Thumb Code   290  stm32l0xx_hal_i2c.o(i.HAL_I2C_EV_IRQHandler)
    HAL_I2C_ErrorCallback                    0x08000f25   Thumb Code     2  stm32l0xx_hal_i2c.o(i.HAL_I2C_ErrorCallback)
    HAL_I2C_MasterRxCpltCallback             0x08000f27   Thumb Code     2  stm32l0xx_hal_i2c.o(i.HAL_I2C_MasterRxCpltCallback)
    HAL_I2C_MasterTxCpltCallback             0x08000f29   Thumb Code     2  stm32l0xx_hal_i2c.o(i.HAL_I2C_MasterTxCpltCallback)
    HAL_I2C_MemRxCpltCallback                0x08000f2b   Thumb Code     2  stm32l0xx_hal_i2c.o(i.HAL_I2C_MemRxCpltCallback)
    HAL_I2C_MemTxCpltCallback                0x08000f2d   Thumb Code     2  stm32l0xx_hal_i2c.o(i.HAL_I2C_MemTxCpltCallback)
    HAL_I2C_SlaveRxCpltCallback              0x08000f2f   Thumb Code     2  stm32l0xx_hal_i2c.o(i.HAL_I2C_SlaveRxCpltCallback)
    HAL_I2C_SlaveTxCpltCallback              0x08000f31   Thumb Code     2  stm32l0xx_hal_i2c.o(i.HAL_I2C_SlaveTxCpltCallback)
    HAL_IncTick                              0x08000f35   Thumb Code    10  stm32l0xx_hal.o(i.HAL_IncTick)
    HAL_Init                                 0x08000f45   Thumb Code    26  stm32l0xx_hal.o(i.HAL_Init)
    HAL_InitTick                             0x08000f65   Thumb Code    34  stm32l0xx_hal.o(i.HAL_InitTick)
    HAL_LPTIM_AutoReloadMatchCallback        0x08000f8d   Thumb Code     2  stm32l0xx_hal_lptim.o(i.HAL_LPTIM_AutoReloadMatchCallback)
    HAL_LPTIM_AutoReloadWriteCallback        0x08000f8f   Thumb Code     2  stm32l0xx_hal_lptim.o(i.HAL_LPTIM_AutoReloadWriteCallback)
    HAL_LPTIM_CompareMatchCallback           0x08000f91   Thumb Code     2  stm32l0xx_hal_lptim.o(i.HAL_LPTIM_CompareMatchCallback)
    HAL_LPTIM_CompareWriteCallback           0x08000f93   Thumb Code     2  stm32l0xx_hal_lptim.o(i.HAL_LPTIM_CompareWriteCallback)
    HAL_LPTIM_DirectionDownCallback          0x08000f95   Thumb Code     2  stm32l0xx_hal_lptim.o(i.HAL_LPTIM_DirectionDownCallback)
    HAL_LPTIM_DirectionUpCallback            0x08000f97   Thumb Code     2  stm32l0xx_hal_lptim.o(i.HAL_LPTIM_DirectionUpCallback)
    HAL_LPTIM_IRQHandler                     0x08000f99   Thumb Code   210  stm32l0xx_hal_lptim.o(i.HAL_LPTIM_IRQHandler)
    HAL_LPTIM_TriggerCallback                0x08001071   Thumb Code     2  stm32l0xx_hal_lptim.o(i.HAL_LPTIM_TriggerCallback)
    HAL_MspInit                              0x08001075   Thumb Code    76  stm32l0xx_hal_msp.o(i.HAL_MspInit)
    HAL_NVIC_EnableIRQ                       0x080010c5   Thumb Code    14  stm32l0xx_hal_cortex.o(i.HAL_NVIC_EnableIRQ)
    HAL_NVIC_SetPriority                     0x080010d9   Thumb Code     8  stm32l0xx_hal_cortex.o(i.HAL_NVIC_SetPriority)
    HAL_PWR_PVDCallback                      0x080010e1   Thumb Code     2  stm32l0xx_hal_pwr.o(i.HAL_PWR_PVDCallback)
    HAL_PWR_PVD_IRQHandler                   0x080010e5   Thumb Code    22  stm32l0xx_hal_pwr.o(i.HAL_PWR_PVD_IRQHandler)
    HAL_RCCEx_PeriphCLKConfig                0x08001101   Thumb Code   400  stm32l0xx_hal_rcc_ex.o(i.HAL_RCCEx_PeriphCLKConfig)
    HAL_RCC_ClockConfig                      0x0800129d   Thumb Code   372  stm32l0xx_hal_rcc.o(i.HAL_RCC_ClockConfig)
    HAL_RCC_GetHCLKFreq                      0x08001425   Thumb Code     6  stm32l0xx_hal_rcc.o(i.HAL_RCC_GetHCLKFreq)
    HAL_RCC_GetPCLK1Freq                     0x08001431   Thumb Code    22  stm32l0xx_hal_rcc.o(i.HAL_RCC_GetPCLK1Freq)
    HAL_RCC_GetPCLK2Freq                     0x08001451   Thumb Code    22  stm32l0xx_hal_rcc.o(i.HAL_RCC_GetPCLK2Freq)
    HAL_RCC_GetSysClockFreq                  0x08001471   Thumb Code   136  stm32l0xx_hal_rcc.o(i.HAL_RCC_GetSysClockFreq)
    HAL_RCC_OscConfig                        0x08001511   Thumb Code  1192  stm32l0xx_hal_rcc.o(i.HAL_RCC_OscConfig)
    HAL_SPI_ErrorCallback                    0x080019b9   Thumb Code     2  stm32l0xx_hal_spi.o(i.HAL_SPI_ErrorCallback)
    HAL_SPI_IRQHandler                       0x080019bb   Thumb Code   196  stm32l0xx_hal_spi.o(i.HAL_SPI_IRQHandler)
    HAL_SYSTICK_CLKSourceConfig              0x08001a81   Thumb Code    24  stm32l0xx_hal_cortex.o(i.HAL_SYSTICK_CLKSourceConfig)
    HAL_SYSTICK_Callback                     0x08001a9d   Thumb Code     2  stm32l0xx_hal_cortex.o(i.HAL_SYSTICK_Callback)
    HAL_SYSTICK_Config                       0x08001aa1   Thumb Code    38  stm32l0xx_hal_cortex.o(i.HAL_SYSTICK_Config)
    HAL_SYSTICK_IRQHandler                   0x08001ad1   Thumb Code     8  stm32l0xx_hal_cortex.o(i.HAL_SYSTICK_IRQHandler)
    HAL_TIMEx_MasterConfigSynchronization    0x08001ad9   Thumb Code    72  stm32l0xx_hal_tim_ex.o(i.HAL_TIMEx_MasterConfigSynchronization)
    HAL_TIM_Base_Init                        0x08001b21   Thumb Code    54  stm32l0xx_hal_tim.o(i.HAL_TIM_Base_Init)
    HAL_TIM_Base_MspInit                     0x08001b59   Thumb Code    40  stm32l0xx_hal_msp.o(i.HAL_TIM_Base_MspInit)
    HAL_TIM_ConfigClockSource                0x08001b85   Thumb Code   264  stm32l0xx_hal_tim.o(i.HAL_TIM_ConfigClockSource)
    HAL_TIM_IC_CaptureCallback               0x08001c8d   Thumb Code     2  stm32l0xx_hal_tim.o(i.HAL_TIM_IC_CaptureCallback)
    HAL_TIM_IRQHandler                       0x08001c8f   Thumb Code   302  stm32l0xx_hal_tim.o(i.HAL_TIM_IRQHandler)
    HAL_TIM_OC_DelayElapsedCallback          0x08001dbd   Thumb Code     2  stm32l0xx_hal_tim.o(i.HAL_TIM_OC_DelayElapsedCallback)
    HAL_TIM_PWM_PulseFinishedCallback        0x08001dbf   Thumb Code     2  stm32l0xx_hal_tim.o(i.HAL_TIM_PWM_PulseFinishedCallback)
    HAL_TIM_PeriodElapsedCallback            0x08001dc1   Thumb Code    20  timerservice.o(i.HAL_TIM_PeriodElapsedCallback)
    HAL_TIM_TriggerCallback                  0x08001dd5   Thumb Code     2  stm32l0xx_hal_tim.o(i.HAL_TIM_TriggerCallback)
    HAL_UARTEx_WakeupCallback                0x08001dd7   Thumb Code     2  stm32l0xx_hal_uart_ex.o(i.HAL_UARTEx_WakeupCallback)
    HAL_UART_ErrorCallback                   0x08001dd9   Thumb Code     2  uart_service.o(i.HAL_UART_ErrorCallback)
    HAL_UART_IRQHandler                      0x08001ddb   Thumb Code   234  stm32l0xx_hal_uart.o(i.HAL_UART_IRQHandler)
    HAL_UART_Init                            0x08001ec5   Thumb Code   106  stm32l0xx_hal_uart.o(i.HAL_UART_Init)
    HAL_UART_MspInit                         0x08001f31   Thumb Code    76  stm32l0xx_hal_msp.o(i.HAL_UART_MspInit)
    HAL_UART_Receive_IT                      0x08001f85   Thumb Code   164  stm32l0xx_hal_uart.o(i.HAL_UART_Receive_IT)
    HAL_UART_RxCpltCallback                  0x0800202d   Thumb Code    10  uart_service.o(i.HAL_UART_RxCpltCallback)
    HAL_UART_Transmit_IT                     0x08002037   Thumb Code    88  stm32l0xx_hal_uart.o(i.HAL_UART_Transmit_IT)
    HAL_UART_TxCpltCallback                  0x0800208f   Thumb Code    10  uart_service.o(i.HAL_UART_TxCpltCallback)
    I2C1_IRQHandler                          0x08002099   Thumb Code    30  stm32l0xx_it.o(i.I2C1_IRQHandler)
    LPTIM1_IRQHandler                        0x080024b9   Thumb Code    10  stm32l0xx_it.o(i.LPTIM1_IRQHandler)
    PVD_IRQHandler                           0x080025d1   Thumb Code     8  stm32l0xx_it.o(i.PVD_IRQHandler)
    SPI1_IRQHandler                          0x080025d9   Thumb Code    10  stm32l0xx_it.o(i.SPI1_IRQHandler)
    SysTick_Handler                          0x080025e9   Thumb Code    12  stm32l0xx_it.o(i.SysTick_Handler)
    SystemClock_Config                       0x080025f5   Thumb Code   150  main.o(i.SystemClock_Config)
    SystemInit                               0x08002695   Thumb Code    66  system_stm32l0xx.o(i.SystemInit)
    TIM2_IRQHandler                          0x080026e9   Thumb Code    10  stm32l0xx_it.o(i.TIM2_IRQHandler)
    Timer_Service_Init                       0x080027c5   Thumb Code    60  timerservice.o(i.Timer_Service_Init)
    Timer_Service_SetTimeoutState            0x08002809   Thumb Code     6  timerservice.o(i.Timer_Service_SetTimeoutState)
    UART_AdvFeatureConfig                    0x08002815   Thumb Code   202  stm32l0xx_hal_uart.o(i.UART_AdvFeatureConfig)
    UART_CheckIdleState                      0x080028e1   Thumb Code    86  stm32l0xx_hal_uart.o(i.UART_CheckIdleState)
    UART_Service_Get_State                   0x080029e1   Thumb Code     6  uart_service.o(i.UART_Service_Get_State)
    UART_Service_Init                        0x080029ed   Thumb Code    50  uart_service.o(i.UART_Service_Init)
    UART_Service_Receive_Data                0x08002a29   Thumb Code    30  uart_service.o(i.UART_Service_Receive_Data)
    UART_Service_Set_State                   0x08002a4d   Thumb Code     6  uart_service.o(i.UART_Service_Set_State)
    UART_Service_Transmit_Data               0x08002a59   Thumb Code    30  uart_service.o(i.UART_Service_Transmit_Data)
    UART_SetConfig                           0x08002a7d   Thumb Code   808  stm32l0xx_hal_uart.o(i.UART_SetConfig)
    UART_WaitOnFlagUntilTimeout              0x08002e3d   Thumb Code   196  stm32l0xx_hal_uart.o(i.UART_WaitOnFlagUntilTimeout)
    USART1_IRQHandler                        0x08002f01   Thumb Code   118  stm32l0xx_it.o(i.USART1_IRQHandler)
    __ARM_clz                                0x08002f81   Thumb Code    46  depilogue.o(i.__ARM_clz)
    __ARM_common_switch8                     0x08002faf   Thumb Code    26  stm32l0xx_hal_tim.o(i.__ARM_common_switch8)
    __scatterload_copy                       0x08002fc9   Thumb Code    14  handlers.o(i.__scatterload_copy)
    __scatterload_null                       0x08002fd7   Thumb Code     2  handlers.o(i.__scatterload_null)
    __scatterload_zeroinit                   0x08002fd9   Thumb Code    14  handlers.o(i.__scatterload_zeroinit)
    main                                     0x08002fe9   Thumb Code   410  main.o(i.main)
    AHBPrescTable                            0x0800318c   Data          16  system_stm32l0xx.o(.constdata)
    PLLMulTable                              0x0800319c   Data           9  system_stm32l0xx.o(.constdata)
    APBPrescTable                            0x080031a5   Data           8  system_stm32l0xx.o(.constdata)
    Region$$Table$$Base                      0x080031b0   Number         0  anon$$obj.o(Region$$Table)
    Region$$Table$$Limit                     0x080031d0   Number         0  anon$$obj.o(Region$$Table)
    uwTick                                   0x20000000   Data           4  stm32l0xx_hal.o(.data)
    SystemCoreClock                          0x20000004   Data           4  system_stm32l0xx.o(.data)
    send_gps_data                            0x20000008   Data           1  main.o(.data)
    lattitude_text                           0x20000009   Data           5  main.o(.data)
    longitude_text                           0x2000000e   Data           6  main.o(.data)
    welcome_note                             0x20000014   Data          26  main.o(.data)
    gps_communication_fixed                  0x20000033   Data           1  gsm.o(.data)
    gps_continous_reception_enabled          0x20000034   Data           1  gsm.o(.data)
    mobile_number                            0x20000035   Data          11  gsm.o(.data)
    timer_timeout_state                      0x20000040   Data           1  timerservice.o(.data)
    ProcFlash                                0x20000044   Data          24  stm32l0xx_hal_flash.o(.bss)
    hi2c1                                    0x2000005c   Data          60  main.o(.bss)
    hlptim1                                  0x20000098   Data          48  main.o(.bss)
    hspi1                                    0x200000c8   Data          88  main.o(.bss)
    gsm_transmit_data                        0x20000120   Data         150  main.o(.bss)
    gps_transmit_data                        0x200001b6   Data         100  gps.o(.bss)
    gps_lattitude_data                       0x2000021a   Data           9  gps.o(.bss)
    gps_longitude_data                       0x20000223   Data           9  gps.o(.bss)
    gsm_module_received_data                 0x2000022c   Data         150  gsm.o(.bss)
    gsm_module_transmit_data                 0x200002c2   Data         150  gsm.o(.bss)
    htim2                                    0x20000358   Data          56  timerservice.o(.bss)
    huart1                                   0x20000390   Data         112  uart_service.o(.bss)
    __initial_sp                             0x20000800   Data           0  startup_stm32l073xx.o(STACK)



==============================================================================

Memory Map of the image

  Image Entry point : 0x080000c1

  Load Region LR_IROM1 (Base: 0x08000000, Size: 0x00003214, Max: 0x00030000, ABSOLUTE)

    Execution Region ER_IROM1 (Base: 0x08000000, Size: 0x000031d0, Max: 0x00030000, ABSOLUTE)

    Base Addr    Size         Type   Attr      Idx    E Section Name        Object

    0x08000000   0x000000c0   Data   RO         3362    RESET               startup_stm32l073xx.o
    0x080000c0   0x00000000   Code   RO         4413  * .ARM.Collect$$$$00000000  mc_p.l(entry.o)
    0x080000c0   0x00000004   Code   RO         4697    .ARM.Collect$$$$00000001  mc_p.l(entry2.o)
    0x080000c4   0x00000004   Code   RO         4700    .ARM.Collect$$$$00000004  mc_p.l(entry5.o)
    0x080000c8   0x00000000   Code   RO         4702    .ARM.Collect$$$$00000008  mc_p.l(entry7b.o)
    0x080000c8   0x00000000   Code   RO         4704    .ARM.Collect$$$$0000000A  mc_p.l(entry8b.o)
    0x080000c8   0x00000008   Code   RO         4705    .ARM.Collect$$$$0000000B  mc_p.l(entry9a.o)
    0x080000d0   0x00000000   Code   RO         4707    .ARM.Collect$$$$0000000D  mc_p.l(entry10a.o)
    0x080000d0   0x00000000   Code   RO         4709    .ARM.Collect$$$$0000000F  mc_p.l(entry11a.o)
    0x080000d0   0x00000004   Code   RO         4698    .ARM.Collect$$$$00002712  mc_p.l(entry2.o)
    0x080000d4   0x0000001c   Code   RO         3363    .text               startup_stm32l073xx.o
    0x080000f0   0x0000002c   Code   RO         4416    .text               mc_p.l(uidiv.o)
    0x0800011c   0x00000024   Code   RO         4418    .text               mc_p.l(memcpya.o)
    0x08000140   0x00000024   Code   RO         4420    .text               mc_p.l(memseta.o)
    0x08000164   0x00000164   Code   RO         4685    .text               mf_p.l(dadd.o)
    0x080002c8   0x000000f0   Code   RO         4687    .text               mf_p.l(ddiv.o)
    0x080003b8   0x0000002c   Code   RO         4689    .text               mf_p.l(dscalb.o)
    0x080003e4   0x0000001c   Code   RO         4691    .text               mf_p.l(dfltui.o)
    0x08000400   0x0000001c   Code   RO         4693    .text               mf_p.l(dfltul.o)
    0x0800041c   0x0000003c   Code   RO         4695    .text               mf_p.l(dfixui.o)
    0x08000458   0x00000020   Code   RO         4716    .text               mc_p.l(llshl.o)
    0x08000478   0x00000022   Code   RO         4718    .text               mc_p.l(llushr.o)
    0x0800049a   0x00000026   Code   RO         4720    .text               mc_p.l(llsshr.o)
    0x080004c0   0x00000000   Code   RO         4722    .text               mc_p.l(iusefp.o)
    0x080004c0   0x000000be   Code   RO         4723    .text               mf_p.l(depilogue.o)
    0x0800057e   0x00000002   PAD
    0x08000580   0x00000024   Code   RO         4733    .text               mc_p.l(init.o)
    0x080005a4   0x0000000c   Code   RO         3443    i.EXTI4_15_IRQHandler  stm32l0xx_it.o
    0x080005b0   0x00000002   Code   RO         3369    i.Error_Handler     main.o
    0x080005b2   0x00000002   PAD
    0x080005b4   0x00000028   Code   RO         2283    i.FLASH_ErasePage   stm32l0xx_hal_flash.o
    0x080005dc   0x00000008   Code   RO         3444    i.FLASH_IRQHandler  stm32l0xx_it.o
    0x080005e4   0x00000078   Code   RO         2285    i.FLASH_SetErrorCode  stm32l0xx_hal_flash.o
    0x0800065c   0x00000014   Code   RO         3639    i.GPS_Service_CheckGPSFix  gps.o
    0x08000670   0x00000024   Code   RO         3643    i.GPS_Service_GetLattitudeData  gps.o
    0x08000694   0x0000002c   Code   RO         3644    i.GPS_Service_GetLocationInfo  gps.o
    0x080006c0   0x00000024   Code   RO         3645    i.GPS_Service_GetLongitudeData  gps.o
    0x080006e4   0x0000008c   Code   RO         3646    i.GPS_Service_Init  gps.o
    0x08000770   0x00000024   Code   RO         3647    i.GPS_Service_SetLattitudeData  gps.o
    0x08000794   0x00000024   Code   RO         3648    i.GPS_Service_SetLongitudeData  gps.o
    0x080007b8   0x00000028   Code   RO         3725    i.GSM_Service_DetectValidSimCard  gsm.o
    0x080007e0   0x00000058   Code   RO         3726    i.GSM_Service_Find_Error_Response  gsm.o
    0x08000838   0x00000044   Code   RO         3728    i.GSM_Service_Find_OK_Response  gsm.o
    0x0800087c   0x00000024   Code   RO         3729    i.GSM_Service_Find_SMS_Send_Start_Command  gsm.o
    0x080008a0   0x0000002c   Code   RO         3731    i.GSM_Service_Init  gsm.o
    0x080008cc   0x00000140   Code   RO         3732    i.GSM_Service_Parse_Response  gsm.o
    0x08000a0c   0x000000f0   Code   RO         3735    i.GSM_Service_SendSMS  gsm.o
    0x08000afc   0x00000016   Code   RO           12    i.HAL_Delay         stm32l0xx_hal.o
    0x08000b12   0x00000002   Code   RO         2287    i.HAL_FLASH_EndOfOperationCallback  stm32l0xx_hal_flash.o
    0x08000b14   0x000000cc   Code   RO         2289    i.HAL_FLASH_IRQHandler  stm32l0xx_hal_flash.o
    0x08000be0   0x00000002   Code   RO         2294    i.HAL_FLASH_OperationErrorCallback  stm32l0xx_hal_flash.o
    0x08000be2   0x00000002   PAD
    0x08000be4   0x00000014   Code   RO         3370    i.HAL_GPIO_EXTI_Callback  main.o
    0x08000bf8   0x00000018   Code   RO         1287    i.HAL_GPIO_EXTI_IRQHandler  stm32l0xx_hal_gpio.o
    0x08000c10   0x00000164   Code   RO         1288    i.HAL_GPIO_Init     stm32l0xx_hal_gpio.o
    0x08000d74   0x00000008   Code   RO         1291    i.HAL_GPIO_TogglePin  stm32l0xx_hal_gpio.o
    0x08000d7c   0x0000000c   Code   RO         1292    i.HAL_GPIO_WritePin  stm32l0xx_hal_gpio.o
    0x08000d88   0x0000000c   Code   RO           16    i.HAL_GetTick       stm32l0xx_hal.o
    0x08000d94   0x0000006e   Code   RO          288    i.HAL_I2C_ER_IRQHandler  stm32l0xx_hal_i2c.o
    0x08000e02   0x00000122   Code   RO          289    i.HAL_I2C_EV_IRQHandler  stm32l0xx_hal_i2c.o
    0x08000f24   0x00000002   Code   RO          290    i.HAL_I2C_ErrorCallback  stm32l0xx_hal_i2c.o
    0x08000f26   0x00000002   Code   RO          295    i.HAL_I2C_MasterRxCpltCallback  stm32l0xx_hal_i2c.o
    0x08000f28   0x00000002   Code   RO          296    i.HAL_I2C_MasterTxCpltCallback  stm32l0xx_hal_i2c.o
    0x08000f2a   0x00000002   Code   RO          303    i.HAL_I2C_MemRxCpltCallback  stm32l0xx_hal_i2c.o
    0x08000f2c   0x00000002   Code   RO          304    i.HAL_I2C_MemTxCpltCallback  stm32l0xx_hal_i2c.o
    0x08000f2e   0x00000002   Code   RO          313    i.HAL_I2C_SlaveRxCpltCallback  stm32l0xx_hal_i2c.o
    0x08000f30   0x00000002   Code   RO          314    i.HAL_I2C_SlaveTxCpltCallback  stm32l0xx_hal_i2c.o
    0x08000f32   0x00000002   PAD
    0x08000f34   0x00000010   Code   RO           17    i.HAL_IncTick       stm32l0xx_hal.o
    0x08000f44   0x00000020   Code   RO           18    i.HAL_Init          stm32l0xx_hal.o
    0x08000f64   0x00000028   Code   RO           19    i.HAL_InitTick      stm32l0xx_hal.o
    0x08000f8c   0x00000002   Code   RO         1347    i.HAL_LPTIM_AutoReloadMatchCallback  stm32l0xx_hal_lptim.o
    0x08000f8e   0x00000002   Code   RO         1348    i.HAL_LPTIM_AutoReloadWriteCallback  stm32l0xx_hal_lptim.o
    0x08000f90   0x00000002   Code   RO         1349    i.HAL_LPTIM_CompareMatchCallback  stm32l0xx_hal_lptim.o
    0x08000f92   0x00000002   Code   RO         1350    i.HAL_LPTIM_CompareWriteCallback  stm32l0xx_hal_lptim.o
    0x08000f94   0x00000002   Code   RO         1356    i.HAL_LPTIM_DirectionDownCallback  stm32l0xx_hal_lptim.o
    0x08000f96   0x00000002   Code   RO         1357    i.HAL_LPTIM_DirectionUpCallback  stm32l0xx_hal_lptim.o
    0x08000f98   0x000000d8   Code   RO         1363    i.HAL_LPTIM_IRQHandler  stm32l0xx_hal_lptim.o
    0x08001070   0x00000002   Code   RO         1386    i.HAL_LPTIM_TriggerCallback  stm32l0xx_hal_lptim.o
    0x08001072   0x00000002   PAD
    0x08001074   0x00000050   Code   RO         3521    i.HAL_MspInit       stm32l0xx_hal_msp.o
    0x080010c4   0x00000014   Code   RO         3133    i.HAL_NVIC_EnableIRQ  stm32l0xx_hal_cortex.o
    0x080010d8   0x00000008   Code   RO         3137    i.HAL_NVIC_SetPriority  stm32l0xx_hal_cortex.o
    0x080010e0   0x00000002   Code   RO         1692    i.HAL_PWR_PVDCallback  stm32l0xx_hal_pwr.o
    0x080010e2   0x00000002   PAD
    0x080010e4   0x0000001c   Code   RO         1693    i.HAL_PWR_PVD_IRQHandler  stm32l0xx_hal_pwr.o
    0x08001100   0x0000019c   Code   RO         3243    i.HAL_RCCEx_PeriphCLKConfig  stm32l0xx_hal_rcc_ex.o
    0x0800129c   0x00000188   Code   RO         2192    i.HAL_RCC_ClockConfig  stm32l0xx_hal_rcc.o
    0x08001424   0x0000000c   Code   RO         2196    i.HAL_RCC_GetHCLKFreq  stm32l0xx_hal_rcc.o
    0x08001430   0x00000020   Code   RO         2198    i.HAL_RCC_GetPCLK1Freq  stm32l0xx_hal_rcc.o
    0x08001450   0x00000020   Code   RO         2199    i.HAL_RCC_GetPCLK2Freq  stm32l0xx_hal_rcc.o
    0x08001470   0x000000a0   Code   RO         2200    i.HAL_RCC_GetSysClockFreq  stm32l0xx_hal_rcc.o
    0x08001510   0x000004a8   Code   RO         2203    i.HAL_RCC_OscConfig  stm32l0xx_hal_rcc.o
    0x080019b8   0x00000002   Code   RO         1797    i.HAL_SPI_ErrorCallback  stm32l0xx_hal_spi.o
    0x080019ba   0x000000c4   Code   RO         1800    i.HAL_SPI_IRQHandler  stm32l0xx_hal_spi.o
    0x08001a7e   0x00000002   PAD
    0x08001a80   0x0000001c   Code   RO         3139    i.HAL_SYSTICK_CLKSourceConfig  stm32l0xx_hal_cortex.o
    0x08001a9c   0x00000002   Code   RO         3140    i.HAL_SYSTICK_Callback  stm32l0xx_hal_cortex.o
    0x08001a9e   0x00000002   PAD
    0x08001aa0   0x00000030   Code   RO         3141    i.HAL_SYSTICK_Config  stm32l0xx_hal_cortex.o
    0x08001ad0   0x00000008   Code   RO         3142    i.HAL_SYSTICK_IRQHandler  stm32l0xx_hal_cortex.o
    0x08001ad8   0x00000048   Code   RO         1651    i.HAL_TIMEx_MasterConfigSynchronization  stm32l0xx_hal_tim_ex.o
    0x08001b20   0x00000036   Code   RO          602    i.HAL_TIM_Base_Init  stm32l0xx_hal_tim.o
    0x08001b56   0x00000002   PAD
    0x08001b58   0x0000002c   Code   RO         3525    i.HAL_TIM_Base_MspInit  stm32l0xx_hal_msp.o
    0x08001b84   0x00000108   Code   RO          611    i.HAL_TIM_ConfigClockSource  stm32l0xx_hal_tim.o
    0x08001c8c   0x00000002   Code   RO          631    i.HAL_TIM_IC_CaptureCallback  stm32l0xx_hal_tim.o
    0x08001c8e   0x0000012e   Code   RO          644    i.HAL_TIM_IRQHandler  stm32l0xx_hal_tim.o
    0x08001dbc   0x00000002   Code   RO          647    i.HAL_TIM_OC_DelayElapsedCallback  stm32l0xx_hal_tim.o
    0x08001dbe   0x00000002   Code   RO          674    i.HAL_TIM_PWM_PulseFinishedCallback  stm32l0xx_hal_tim.o
    0x08001dc0   0x00000014   Code   RO         3841    i.HAL_TIM_PeriodElapsedCallback  timerservice.o
    0x08001dd4   0x00000002   Code   RO          685    i.HAL_TIM_TriggerCallback  stm32l0xx_hal_tim.o
    0x08001dd6   0x00000002   Code   RO         3026    i.HAL_UARTEx_WakeupCallback  stm32l0xx_hal_uart_ex.o
    0x08001dd8   0x00000002   Code   RO         3909    i.HAL_UART_ErrorCallback  uart_service.o
    0x08001dda   0x000000ea   Code   RO         2777    i.HAL_UART_IRQHandler  stm32l0xx_hal_uart.o
    0x08001ec4   0x0000006a   Code   RO         2778    i.HAL_UART_Init     stm32l0xx_hal_uart.o
    0x08001f2e   0x00000002   PAD
    0x08001f30   0x00000054   Code   RO         3527    i.HAL_UART_MspInit  stm32l0xx_hal_msp.o
    0x08001f84   0x000000a8   Code   RO         2783    i.HAL_UART_Receive_IT  stm32l0xx_hal_uart.o
    0x0800202c   0x0000000a   Code   RO         3910    i.HAL_UART_RxCpltCallback  uart_service.o
    0x08002036   0x00000058   Code   RO         2788    i.HAL_UART_Transmit_IT  stm32l0xx_hal_uart.o
    0x0800208e   0x0000000a   Code   RO         3911    i.HAL_UART_TxCpltCallback  uart_service.o
    0x08002098   0x00000024   Code   RO         3445    i.I2C1_IRQHandler   stm32l0xx_it.o
    0x080020bc   0x0000014c   Code   RO          329    i.I2C_MasterReceive_ISR  stm32l0xx_hal_i2c.o
    0x08002208   0x00000158   Code   RO          330    i.I2C_MasterTransmit_ISR  stm32l0xx_hal_i2c.o
    0x08002360   0x00000094   Code   RO          333    i.I2C_SlaveReceive_ISR  stm32l0xx_hal_i2c.o
    0x080023f4   0x000000a0   Code   RO          334    i.I2C_SlaveTransmit_ISR  stm32l0xx_hal_i2c.o
    0x08002494   0x00000024   Code   RO          335    i.I2C_TransferConfig  stm32l0xx_hal_i2c.o
    0x080024b8   0x00000010   Code   RO         3446    i.LPTIM1_IRQHandler  stm32l0xx_it.o
    0x080024c8   0x000000c4   Code   RO         3371    i.MX_GPIO_Init      main.o
    0x0800258c   0x00000044   Code   RO         3143    i.NVIC_SetPriority  stm32l0xx_hal_cortex.o
    0x080025d0   0x00000008   Code   RO         3447    i.PVD_IRQHandler    stm32l0xx_it.o
    0x080025d8   0x00000010   Code   RO         3448    i.SPI1_IRQHandler   stm32l0xx_it.o
    0x080025e8   0x0000000c   Code   RO         3449    i.SysTick_Handler   stm32l0xx_it.o
    0x080025f4   0x000000a0   Code   RO         3372    i.SystemClock_Config  main.o
    0x08002694   0x00000054   Code   RO         3329    i.SystemInit        system_stm32l0xx.o
    0x080026e8   0x00000010   Code   RO         3450    i.TIM2_IRQHandler   stm32l0xx_it.o
    0x080026f8   0x0000005c   Code   RO          686    i.TIM_Base_SetConfig  stm32l0xx_hal_tim.o
    0x08002754   0x00000016   Code   RO          693    i.TIM_ETR_SetConfig  stm32l0xx_hal_tim.o
    0x0800276a   0x00000010   Code   RO          694    i.TIM_ITRx_SetConfig  stm32l0xx_hal_tim.o
    0x0800277a   0x00000022   Code   RO          700    i.TIM_TI1_ConfigInputStage  stm32l0xx_hal_tim.o
    0x0800279c   0x00000026   Code   RO          702    i.TIM_TI2_ConfigInputStage  stm32l0xx_hal_tim.o
    0x080027c2   0x00000002   PAD
    0x080027c4   0x00000044   Code   RO         3843    i.Timer_Service_Init  timerservice.o
    0x08002808   0x0000000c   Code   RO         3844    i.Timer_Service_SetTimeoutState  timerservice.o
    0x08002814   0x000000ca   Code   RO         2791    i.UART_AdvFeatureConfig  stm32l0xx_hal_uart.o
    0x080028de   0x00000002   PAD
    0x080028e0   0x0000005c   Code   RO         2792    i.UART_CheckIdleState  stm32l0xx_hal_uart.o
    0x0800293c   0x0000001a   Code   RO         2798    i.UART_EndTransmit_IT  stm32l0xx_hal_uart.o
    0x08002956   0x0000008a   Code   RO         2799    i.UART_Receive_IT   stm32l0xx_hal_uart.o
    0x080029e0   0x0000000c   Code   RO         3912    i.UART_Service_Get_State  uart_service.o
    0x080029ec   0x0000003c   Code   RO         3913    i.UART_Service_Init  uart_service.o
    0x08002a28   0x00000024   Code   RO         3914    i.UART_Service_Receive_Data  uart_service.o
    0x08002a4c   0x0000000c   Code   RO         3915    i.UART_Service_Set_State  uart_service.o
    0x08002a58   0x00000024   Code   RO         3916    i.UART_Service_Transmit_Data  uart_service.o
    0x08002a7c   0x00000358   Code   RO         2800    i.UART_SetConfig    stm32l0xx_hal_uart.o
    0x08002dd4   0x00000068   Code   RO         2801    i.UART_Transmit_IT  stm32l0xx_hal_uart.o
    0x08002e3c   0x000000c4   Code   RO         2802    i.UART_WaitOnFlagUntilTimeout  stm32l0xx_hal_uart.o
    0x08002f00   0x00000080   Code   RO         3451    i.USART1_IRQHandler  stm32l0xx_it.o
    0x08002f80   0x0000002e   Code   RO         4725    i.__ARM_clz         mf_p.l(depilogue.o)
    0x08002fae   0x0000001a   Code   RO         1228    i.__ARM_common_switch8  stm32l0xx_hal_tim.o
    0x08002fc8   0x0000000e   Code   RO         4739    i.__scatterload_copy  mc_p.l(handlers.o)
    0x08002fd6   0x00000002   Code   RO         4740    i.__scatterload_null  mc_p.l(handlers.o)
    0x08002fd8   0x0000000e   Code   RO         4741    i.__scatterload_zeroinit  mc_p.l(handlers.o)
    0x08002fe6   0x00000002   PAD
    0x08002fe8   0x000001a4   Code   RO         3373    i.main              main.o
    0x0800318c   0x00000019   Data   RO         3330    .constdata          system_stm32l0xx.o
    0x080031a5   0x00000008   Data   RO         3331    .constdata          system_stm32l0xx.o
    0x080031ad   0x00000003   PAD
    0x080031b0   0x00000020   Data   RO         4737    Region$$Table       anon$$obj.o


    Execution Region RW_IRAM1 (Base: 0x20000000, Size: 0x00000800, Max: 0x00005000, ABSOLUTE)

    Base Addr    Size         Type   Attr      Idx    E Section Name        Object

    0x20000000   0x00000004   Data   RW           28    .data               stm32l0xx_hal.o
    0x20000004   0x00000004   Data   RW         3332    .data               system_stm32l0xx.o
    0x20000008   0x00000026   Data   RW         3380    .data               main.o
    0x2000002e   0x00000002   Data   RW         3650    .data               gps.o
    0x20000030   0x00000010   Data   RW         3737    .data               gsm.o
    0x20000040   0x00000001   Data   RW         3848    .data               timerservice.o
    0x20000041   0x00000001   Data   RW         3918    .data               uart_service.o
    0x20000042   0x00000002   PAD
    0x20000044   0x00000018   Zero   RW         2298    .bss                stm32l0xx_hal_flash.o
    0x2000005c   0x0000003c   Zero   RW         3375    .bss                main.o
    0x20000098   0x00000030   Zero   RW         3377    .bss                main.o
    0x200000c8   0x00000058   Zero   RW         3378    .bss                main.o
    0x20000120   0x00000096   Zero   RW         3379    .bss                main.o
    0x200001b6   0x00000076   Zero   RW         3649    .bss                gps.o
    0x2000022c   0x0000012c   Zero   RW         3736    .bss                gsm.o
    0x20000358   0x00000038   Zero   RW         3847    .bss                timerservice.o
    0x20000390   0x00000070   Zero   RW         3917    .bss                uart_service.o
    0x20000400   0x00000400   Zero   RW         3360    STACK               startup_stm32l073xx.o


==============================================================================

Image component sizes


      Code (inc. data)   RO Data    RW Data    ZI Data      Debug   Object Name

       348         92          0          2        118       5279   gps.o
       836         94          0         16        300       6864   gsm.o
       798         36          0         38        346       6995   main.o
        28          8        192          0       1024        584   startup_stm32l073xx.o
       122         24          0          4          0     410291   stm32l0xx_hal.o
       182         28          0          0          0      12215   stm32l0xx_hal_cortex.o
       368         34          0          0         24       5803   stm32l0xx_hal_flash.o
       400         38          0          0          0       3476   stm32l0xx_hal_gpio.o
      1434         14          0          0          0       9766   stm32l0xx_hal_i2c.o
       230          6          0          0          0       4895   stm32l0xx_hal_lptim.o
       208         16          0          0          0       1900   stm32l0xx_hal_msp.o
        30          6          0          0          0       1007   stm32l0xx_hal_pwr.o
      1820        102          0          0          0       7052   stm32l0xx_hal_rcc.o
       412         12          0          0          0       1532   stm32l0xx_hal_rcc_ex.o
       198          0          0          0          0       1725   stm32l0xx_hal_spi.o
       856         12          0          0          0       8382   stm32l0xx_hal_tim.o
        72          0          0          0          0       1140   stm32l0xx_hal_tim_ex.o
      2210         82          0          0          0       9356   stm32l0xx_hal_uart.o
         2          0          0          0          0        948   stm32l0xx_hal_uart_ex.o
       252         34          0          0          0       3966   stm32l0xx_it.o
        84         18         33          4          0       1403   system_stm32l0xx.o
       100         14          0          1         56       2305   timerservice.o
       178         34          0          1        112       4997   uart_service.o

    ----------------------------------------------------------------------
     11190        704        260         68       1980     511881   Object Totals
         0          0         32          0          0          0   (incl. Generated)
        22          0          3          2          0          0   (incl. Padding)

    ----------------------------------------------------------------------

      Code (inc. data)   RO Data    RW Data    ZI Data      Debug   Library Member Name

         0          0          0          0          0          0   entry.o
         0          0          0          0          0          0   entry10a.o
         0          0          0          0          0          0   entry11a.o
         8          4          0          0          0          0   entry2.o
         4          0          0          0          0          0   entry5.o
         0          0          0          0          0          0   entry7b.o
         0          0          0          0          0          0   entry8b.o
         8          4          0          0          0          0   entry9a.o
        30          0          0          0          0          0   handlers.o
        36          8          0          0          0         68   init.o
         0          0          0          0          0          0   iusefp.o
        32          0          0          0          0         68   llshl.o
        38          0          0          0          0         68   llsshr.o
        34          0          0          0          0         68   llushr.o
        36          0          0          0          0         60   memcpya.o
        36          0          0          0          0        100   memseta.o
        44          0          0          0          0         72   uidiv.o
       356          4          0          0          0        140   dadd.o
       240          6          0          0          0         84   ddiv.o
       236          0          0          0          0        216   depilogue.o
        60         10          0          0          0         68   dfixui.o
        28          4          0          0          0         68   dfltui.o
        28          6          0          0          0         68   dfltul.o
        44          0          0          0          0         72   dscalb.o

    ----------------------------------------------------------------------
      1302         46          0          0          0       1220   Library Totals
         4          0          0          0          0          0   (incl. Padding)

    ----------------------------------------------------------------------

      Code (inc. data)   RO Data    RW Data    ZI Data      Debug   Library Name

       306         16          0          0          0        504   mc_p.l
       992         30          0          0          0        716   mf_p.l

    ----------------------------------------------------------------------
      1302         46          0          0          0       1220   Library Totals

    ----------------------------------------------------------------------

==============================================================================


      Code (inc. data)   RO Data    RW Data    ZI Data      Debug   

     12492        750        260         68       1980     507445   Grand Totals
     12492        750        260         68       1980     507445   ELF Image Totals
     12492        750        260         68          0          0   ROM Totals

==============================================================================

    Total RO  Size (Code + RO Data)                12752 (  12.45kB)
    Total RW  Size (RW Data + ZI Data)              2048 (   2.00kB)
    Total ROM Size (Code + RO Data + RW Data)      12820 (  12.52kB)

==============================================================================

