<html>
<body>
<pre>
<h1>µVision Build Log</h1>
<h2>Tool Versions:</h2>
IDE-Version: µVision V5.17.0.0
Copyright (C) 2015 ARM Ltd and ARM Germany GmbH. All rights reserved.
License Information: Akash Patil, Leaf Technologies Pvt Ltd,Mumbai, LIC=----
 
Tool Versions:
Toolchain:       MDK-Lite  Version: 5.17
Toolchain Path:  C:\Keil_v5\ARM\ARMCC\Bin
C Compiler:      Armcc.exe V5.06 update 1 (build 61)
Assembler:       Armasm.exe V5.06 update 1 (build 61)
Linker/Locator:  ArmLink.exe V5.06 update 1 (build 61)
Library Manager: ArmAr.exe V5.06 update 1 (build 61)
Hex Converter:   FromElf.exe V5.06 update 1 (build 61)
CPU DLL:         SARMCM3.DLL V5.17
Dialog DLL:      DARMCM1.DLL V1.12.0.0
Target DLL:      STLink\ST-LINKIII-KEIL_SWO.dll V2.0.18.0
Dialog DLL:      TARMCM1.DLL V1.9.0.0
 
<h2>Project:</h2>
C:\Users\Akash PC\Documents\trackingdevice\MDK-ARM\Tracking_Device.uvprojx
Project File Date:  09/02/2016

<h2>Output:</h2>
*** Using Compiler 'V5.06 update 1 (build 61)', folder: 'C:\Keil_v5\ARM\ARMCC\Bin'
Rebuild target 'Tracking_Device'
compiling stm32l0xx_hal.c...
compiling stm32l0xx_hal_tim.c...
compiling stm32l0xx_hal_i2c.c...
compiling stm32l0xx_hal_i2c_ex.c...
compiling stm32l0xx_hal_gpio.c...
compiling stm32l0xx_hal_lptim.c...
compiling stm32l0xx_hal_pwr_ex.c...
compiling stm32l0xx_hal_tim_ex.c...
compiling stm32l0xx_hal_pwr.c...
compiling stm32l0xx_hal_spi.c...
compiling stm32l0xx_hal_flash_ex.c...
compiling stm32l0xx_hal_rcc.c...
compiling stm32l0xx_hal_flash.c...
compiling stm32l0xx_hal_adc.c...
compiling stm32l0xx_hal_flash_ramfunc.c...
compiling stm32l0xx_hal_dma.c...
compiling stm32l0xx_hal_adc_ex.c...
compiling stm32l0xx_hal_uart.c...
compiling stm32l0xx_hal_uart_ex.c...
compiling stm32l0xx_hal_iwdg.c...
compiling stm32l0xx_hal_cortex.c...
assembling startup_stm32l073xx.s...
compiling stm32l0xx_hal_rcc_ex.c...
compiling system_stm32l0xx.c...
compiling main.c...
../Src/main.c(276): warning:  #177-D: function "MX_ADC_Init" was declared but never referenced
  static void MX_ADC_Init(void)
../Src/main.c(324): warning:  #177-D: function "MX_I2C1_Init" was declared but never referenced
  static void MX_I2C1_Init(void)
../Src/main.c(351): warning:  #177-D: function "MX_IWDG_Init" was declared but never referenced
  static void MX_IWDG_Init(void)
../Src/main.c(366): warning:  #177-D: function "MX_LPTIM1_Init" was declared but never referenced
  static void MX_LPTIM1_Init(void)
../Src/main.c(384): warning:  #177-D: function "MX_SPI1_Init" was declared but never referenced
  static void MX_SPI1_Init(void)
../Src/main.c: 5 warnings, 0 errors
compiling stm32l0xx_it.c...
compiling GPRS.c...
compiling stm32l0xx_hal_msp.c...
compiling ADC_Service.c...
compiling I2C_service.c...
compiling GPS.c...
compiling logging_service.c...
compiling GSM.c...
..\Services\GSM_Service\src\GSM.c(357): warning:  #177-D: variable "temp_offset" was declared but never referenced
  				uint8_t offset = 0 , temp_offset = 0 ;
..\Services\GSM_Service\src\GSM.c(37): warning:  #550-D: variable "module_response_error" was set but never used
  static bool module_response_error = false ;
..\Services\GSM_Service\src\GSM.c: 2 warnings, 0 errors
compiling Power_Down.c...
compiling TimerService.c...
compiling FATFS_Service.c...
compiling HB_Service.c...
compiling Watchdog_Service.c...
compiling ff.c...
compiling UART_Service.c...
compiling diskio.c...
compiling ff_2_SPI_Link.c...
linking...
Program Size: Code=12492 RO-data=260 RW-data=68 ZI-data=1980  
"Tracking_Device\Tracking_Device.axf" - 0 Error(s), 7 Warning(s).

<h2>Software Packages used:</h2>

Package Vendor: ARM
                http://www.keil.com/pack/ARM.CMSIS.5.0.0-Beta4.pack
                ARM::CMSIS:CORE:5.0.0
                CMSIS (Cortex Microcontroller Software Interface Standard)
   * Component: CORE Version: 5.0.0

<h2>Collection of Component include folders:</h2>
  C:\Users\Akash PC\Documents\trackingdevice\MDK-ARM\RTE
  C:\Keil_v5\ARM\PACK\ARM\CMSIS\5.0.0-Beta4\CMSIS\Include
  C:\Keil_v5\ARM\PACK\Keil\STM32L0xx_DFP\1.6.0\Device\Include

<h2>Collection of Component Files used:</h2>

   * Component: ARM::CMSIS:CORE:5.0.0
Build Time Elapsed:  00:01:02
</pre>
</body>
</html>
